ERROR: Could not create directory: '/nonexistent-ycoding-lane-o'.
   at: make_dir_recursive (core/io/dir_access.cpp:179)
ERROR: Error attempting to create data dir: /nonexistent-ycoding-lane-o/Library/Application Support/Godot/app_userdata/YCoding Office.
   at: ensure_user_data_dir (core/os/os.cpp:442)
ERROR: Could not create directory: 'user://logs'.
   at: make_dir_recursive (core/io/dir_access.cpp:179)
ERROR: Failed to open log file for writing: user://logs/godot.log
   at: rotate_file (core/io/logger.cpp:169)
Godot Engine v4.7.2.stable.official.ed1daf0bf - https://godotengine.org
ERROR: Can't create shader cache folder, no shader caching will happen: user://
   at: RasterizerGLES3 (drivers/gles3/rasterizer_gles3.cpp:345)
OpenGL API 4.1 Metal - 90.5 - Compatibility - Using Device: Apple - Apple M5 Pro

[disconnected] scene instantiated
[disconnected] mode=LIVE conn=disconnected actors=0 interactions=0 root=''
[disconnected] stale=false last_error='No local service registration found (service.json). Start it with `ycoding service start`, then retry.'
[disconnected] detail_label='No local service registration found (service.json). Start it with `ycoding service start`, then retry.'
[disconnected] retry_available=true demo_playing=false live_playing=false
[disconnected] model_pill='No models' disabled=true
[disconnected] window=(1280, 720)
[disconnected] wrote /Users/viadz/Workspace/Project/ycoding/ycoding-office-repair-kit/evidence/r1-01-no-registration-1280x720.png (1280x720)
AC1_EXIT=0
