Godot Engine v4.7.2.stable.official.ed1daf0bf - https://godotengine.org

[   0% ] [90m[1mfirst_scan_filesystem[22m | Started Project initialization (5 steps)[39m[0m
[   0% ] [90m[1mfirst_scan_filesystem[22m | Scanning file structure...[39m[0m
[  16% ] [90m[1mfirst_scan_filesystem[22m | Loading global class names...[39m[0m
[  33% ] [90m[1mfirst_scan_filesystem[22m | Verifying GDExtensions...[39m[0m
[  50% ] [90m[1mfirst_scan_filesystem[22m | Creating autoload scripts...[39m[0m
[  66% ] [90m[1mfirst_scan_filesystem[22m | Initializing plugins...[39m[0m
[  83% ] [90m[1mfirst_scan_filesystem[22m | Starting file scan...[39m[0m
[92m[ DONE ][39m [1mfirst_scan_filesystem[22m
[0m
[   0% ] [90m[1mupdate_scripts_classes[22m | Started Registering global classes... (6 steps)[39m[0m
[   0% ] [90m[1mupdate_scripts_classes[22m | OfficeMain[39m[0m
[  14% ] [90m[1mupdate_scripts_classes[22m | ConversationHistory[39m[0m
[  28% ] [90m[1mupdate_scripts_classes[22m | ConversationApi[39m[0m
[  42% ] [90m[1mupdate_scripts_classes[22m | [39m[0m
[  57% ] [90m[1mupdate_scripts_classes[22m | ConversationPanel[39m[0m
[  71% ] [90m[1mupdate_scripts_classes[22m | [39m[0m
[92m[ DONE ][39m [1mupdate_scripts_classes[22m
[0m
[   0% ] [90m[1mloading_editor_layout[22m | Started Loading editor (5 steps)[39m[0m
[   0% ] [90m[1mloading_editor_layout[22m | Loading editor layout...[39m[0m
[  16% ] [90m[1mloading_editor_layout[22m | Loading docks...[39m[0m
[92m[ DONE ][39m [1mloading_editor_layout[22m
[0m
SCRIPT ERROR: Parse Error: Could not parse global class "ConversationPanel" from "res://ui/conversation/conversation_panel.gd".
          at: GDScript::reload (res://app/main.gd:30)
ERROR: Failed to load script "res://app/main.gd" with error "Parse error".
   at: load (modules/gdscript/gdscript_resource_format.cpp:46)
SCRIPT ERROR: Parse Error: Expected statement, found "Indent" instead.
          at: GDScript::reload (res://ui/conversation/conversation_panel.gd:266)
ERROR: Failed to load script "res://ui/conversation/conversation_panel.gd" with error "Parse error".
   at: load (modules/gdscript/gdscript_resource_format.cpp:46)
IMPORT_EXIT=0
