Godot Engine v4.7.2.stable.official.ed1daf0bf - https://godotengine.org

SMOKE start url=http://127.0.0.1:43094 (credential withheld)
SMOKE event server.connected
SMOKE event server.connected
SMOKE event session.reasoning.delta
SMOKE event session.created
SMOKE event session.reasoning.delta
SMOKE session created id=ses_f5456323bffeMMZA4hX4uXzEv4
SMOKE submitted prompt to session=ses_f5456323bffeMMZA4hX4uXzEv4
SMOKE event session.input.admitted
SMOKE event session.execution.started
SMOKE event session.reasoning.delta
SMOKE event server.connected
SMOKE event session.instructions.updated
SMOKE event session.input.promoted
SMOKE event session.reasoning.delta
SMOKE event session.context.observed
SMOKE event session.reasoning.delta
SMOKE event session.reasoning.delta
SMOKE event session.reasoning.delta
SMOKE event session.reasoning.delta
SMOKE event session.reasoning.delta
SMOKE event session.reasoning.delta
SMOKE event session.reasoning.delta
SMOKE event session.reasoning.delta
SMOKE event session.reasoning.delta
SMOKE event session.reasoning.delta
SMOKE event session.reasoning.delta
SMOKE event session.reasoning.delta
SMOKE event session.reasoning.delta
SMOKE event session.reasoning.delta
SMOKE event session.reasoning.delta
SMOKE event session.reasoning.delta
SMOKE event session.reasoning.delta
SMOKE event session.reasoning.delta
SMOKE event session.reasoning.delta
SMOKE event session.tool.progress
SMOKE event session.reasoning.delta
SMOKE event session.reasoning.delta
SMOKE event session.reasoning.delta
SMOKE event session.reasoning.delta
SMOKE event session.reasoning.delta
SMOKE event session.reasoning.delta
SMOKE event session.reasoning.delta
SMOKE event session.reasoning.delta
SMOKE event session.reasoning.delta
SMOKE event session.reasoning.delta
SMOKE event session.reasoning.delta
SMOKE event session.reasoning.delta
SMOKE event session.reasoning.delta
SMOKE event session.reasoning.delta
SMOKE event session.reasoning.delta
SMOKE event session.reasoning.delta
SMOKE event session.tool.progress
SMOKE event session.reasoning.delta
SMOKE event session.reasoning.delta
SMOKE event session.reasoning.delta
SMOKE event session.reasoning.delta
SMOKE event session.reasoning.delta
SMOKE event session.reasoning.delta
SMOKE event session.reasoning.delta
SMOKE event session.tool.progress
SMOKE event session.reasoning.delta
SMOKE event session.reasoning.delta
SMOKE event session.reasoning.delta
SMOKE event session.reasoning.delta
SMOKE event session.reasoning.delta
SMOKE event session.reasoning.delta
SMOKE event session.tool.progress
SMOKE event session.reasoning.delta
SMOKE event session.reasoning.delta
SMOKE event session.reasoning.delta
SMOKE event session.reasoning.delta
SMOKE event session.tool.progress
SMOKE event session.reasoning.delta
SMOKE event session.reasoning.delta
SMOKE event session.reasoning.delta
SMOKE event session.reasoning.delta
SMOKE event session.reasoning.delta
SMOKE event session.tool.progress
SMOKE event session.reasoning.delta
SMOKE event session.reasoning.delta
SMOKE event session.reasoning.delta
SMOKE event session.reasoning.delta
SMOKE event session.reasoning.delta
SMOKE event session.reasoning.delta
SMOKE event session.tool.progress
SMOKE event session.reasoning.delta
SMOKE event session.reasoning.delta
SMOKE event session.reasoning.delta
SMOKE event session.tool.progress
SMOKE event session.reasoning.delta
SMOKE event session.reasoning.delta
SMOKE event session.reasoning.delta
SMOKE event session.reasoning.delta
SMOKE event session.reasoning.delta
SMOKE event session.reasoning.delta
SMOKE event session.tool.progress
SMOKE event session.reasoning.delta
SMOKE event session.reasoning.delta
SMOKE event session.reasoning.delta
SMOKE event session.tool.progress
SMOKE event session.reasoning.delta
SMOKE event session.reasoning.delta
SMOKE event session.reasoning.delta
SMOKE event session.reasoning.delta
SMOKE event session.reasoning.delta
SMOKE event session.reasoning.delta
SMOKE event session.tool.progress
SMOKE event session.reasoning.delta
SMOKE event session.reasoning.delta
SMOKE event session.reasoning.delta
SMOKE event session.tool.progress
SMOKE event session.reasoning.delta
SMOKE event session.reasoning.delta
SMOKE event session.reasoning.delta
SMOKE event session.reasoning.delta
SMOKE event session.reasoning.delta
SMOKE event session.tool.progress
SMOKE event session.reasoning.delta
SMOKE event session.reasoning.delta
SMOKE event session.reasoning.delta
SMOKE event session.reasoning.delta
SMOKE event session.reasoning.delta
SMOKE event session.tool.progress
SMOKE event session.reasoning.delta
SMOKE event session.reasoning.delta
SMOKE event session.reasoning.delta
SMOKE event session.reasoning.delta
SMOKE event session.tool.progress
SMOKE event session.reasoning.delta
SMOKE event session.reasoning.delta
SMOKE event session.reasoning.delta
SMOKE event session.reasoning.delta
SMOKE event session.tool.progress
SMOKE event session.reasoning.delta
SMOKE event session.reasoning.delta
SMOKE event session.reasoning.delta
SMOKE event session.reasoning.delta
SMOKE event session.tool.progress
SMOKE event session.reasoning.delta
SMOKE event session.reasoning.delta
SMOKE event session.reasoning.delta
SMOKE event session.reasoning.delta
SMOKE event session.reasoning.delta
SMOKE event session.tool.progress
SMOKE event session.reasoning.delta
SMOKE event session.reasoning.delta
SMOKE event session.reasoning.delta
SMOKE event session.tool.progress
SMOKE event session.reasoning.delta
SMOKE event session.reasoning.delta
SMOKE event session.reasoning.delta
SMOKE event session.reasoning.delta
SMOKE event session.reasoning.delta
SMOKE event session.reasoning.delta
SMOKE event session.tool.progress
SMOKE event session.reasoning.delta
SMOKE event session.reasoning.delta
SMOKE event session.reasoning.delta
SMOKE event session.tool.progress
SMOKE event session.reasoning.delta
SMOKE event session.reasoning.delta
SMOKE event session.reasoning.delta
SMOKE event session.reasoning.delta
SMOKE event session.reasoning.delta
SMOKE event session.tool.progress
SMOKE event session.reasoning.delta
SMOKE event session.reasoning.delta
SMOKE event session.reasoning.delta
SMOKE event session.reasoning.delta
SMOKE event session.reasoning.delta
SMOKE event session.reasoning.delta
SMOKE event session.tool.progress
SMOKE event session.reasoning.delta
SMOKE event session.reasoning.delta
SMOKE event session.reasoning.delta
SMOKE event session.input.admitted
SMOKE event session.reasoning.delta
SMOKE event session.reasoning.delta
SMOKE event session.reasoning.delta
SMOKE event session.tool.progress
SMOKE event session.reasoning.delta
SMOKE event session.reasoning.delta
SMOKE event session.reasoning.delta
SMOKE event session.reasoning.delta
SMOKE event session.reasoning.delta
SMOKE event session.reasoning.delta
SMOKE event session.tool.progress
SMOKE event session.reasoning.delta
SMOKE event session.reasoning.delta
SMOKE event session.reasoning.delta
SMOKE event session.tool.progress
SMOKE event session.reasoning.delta
SMOKE event session.reasoning.delta
SMOKE event session.reasoning.delta
SMOKE event session.reasoning.delta
SMOKE event session.reasoning.delta
SMOKE event session.reasoning.delta
SMOKE event session.tool.progress
SMOKE event session.reasoning.delta
SMOKE event session.reasoning.delta
SMOKE event session.reasoning.delta
SMOKE event session.tool.progress
SMOKE event session.reasoning.delta
SMOKE event session.reasoning.delta
SMOKE event session.reasoning.delta
SMOKE event session.reasoning.delta
SMOKE event session.reasoning.delta
SMOKE event session.reasoning.delta
SMOKE event session.tool.progress
SMOKE event session.reasoning.delta
SMOKE event session.reasoning.delta
SMOKE event session.reasoning.delta
SMOKE event session.tool.progress
SMOKE event session.reasoning.delta
SMOKE event session.reasoning.delta
SMOKE event session.reasoning.delta
SMOKE event session.reasoning.delta
SMOKE event session.reasoning.delta
SMOKE event session.reasoning.delta
SMOKE event session.tool.progress
SMOKE event session.reasoning.delta
SMOKE event session.step.started
SMOKE event session.reasoning.delta
SMOKE event session.reasoning.delta
SMOKE event session.step.failed
SMOKE event session.execution.failed
SMOKE event session.tool.progress
SMOKE event session.reasoning.delta
SMOKE event session.reasoning.delta
SMOKE event session.reasoning.delta
SMOKE event session.reasoning.delta
SMOKE event session.reasoning.delta
SMOKE event session.reasoning.delta
SMOKE event session.tool.progress
SMOKE event session.reasoning.delta
SMOKE event session.reasoning.delta
SMOKE event session.reasoning.delta
SMOKE event session.reasoning.delta
SMOKE event session.reasoning.delta
SMOKE event session.reasoning.delta
SMOKE event session.tool.progress
SMOKE event session.reasoning.delta
SMOKE event session.reasoning.delta
SMOKE event session.reasoning.delta
SMOKE event session.reasoning.delta
SMOKE event session.reasoning.delta
SMOKE event session.reasoning.delta
SMOKE event session.tool.progress
SMOKE event session.reasoning.delta
SMOKE event session.reasoning.delta
SMOKE event session.reasoning.delta
SMOKE event session.reasoning.delta
SMOKE event session.reasoning.delta
SMOKE event session.reasoning.delta
SMOKE event session.tool.progress
SMOKE event session.reasoning.delta
SMOKE event session.reasoning.delta
SMOKE event session.reasoning.delta
SMOKE event session.reasoning.delta
SMOKE event session.reasoning.delta
SMOKE event session.reasoning.delta
SMOKE event session.reasoning.delta
SMOKE event session.reasoning.delta
SMOKE event session.reasoning.delta
SMOKE event session.reasoning.delta
SMOKE event session.reasoning.delta
SMOKE event session.reasoning.delta
SMOKE event session.reasoning.delta
SMOKE event session.reasoning.delta
SMOKE event session.reasoning.delta
SMOKE event session.reasoning.delta
SMOKE event session.reasoning.delta
SMOKE event session.tool.progress
SMOKE event session.reasoning.delta
SMOKE event session.reasoning.delta
SMOKE event session.reasoning.delta
SMOKE event session.reasoning.delta
SMOKE event session.reasoning.delta
SMOKE event session.reasoning.delta
SMOKE event session.reasoning.delta
SMOKE event session.reasoning.delta
SMOKE event session.reasoning.delta
SMOKE event session.reasoning.delta
SMOKE event session.reasoning.delta
SMOKE event session.reasoning.delta
SMOKE event session.reasoning.delta
SMOKE event session.tool.progress
SMOKE event session.reasoning.delta
SMOKE event session.reasoning.delta
SMOKE event session.reasoning.delta
SMOKE event session.reasoning.delta
SMOKE event session.reasoning.delta
SMOKE event session.reasoning.delta
SMOKE event session.tool.progress
SMOKE event session.reasoning.delta
SMOKE event session.reasoning.delta
SMOKE event session.reasoning.delta
SMOKE event session.reasoning.delta
SMOKE event session.reasoning.delta
SMOKE event session.reasoning.delta
SMOKE event session.tool.progress
SMOKE event session.reasoning.delta
SMOKE event session.reasoning.delta
SMOKE event session.reasoning.delta
SMOKE event session.reasoning.delta
SMOKE event session.reasoning.delta
SMOKE event session.tool.progress
SMOKE event session.reasoning.delta
SMOKE event session.reasoning.delta
SMOKE event session.reasoning.delta
SMOKE event session.reasoning.delta
SMOKE event session.reasoning.delta
SMOKE event session.reasoning.delta
SMOKE event session.reasoning.delta
SMOKE event session.reasoning.delta
SMOKE event session.reasoning.delta
SMOKE event session.reasoning.delta
SMOKE event session.reasoning.delta
SMOKE event session.reasoning.delta
SMOKE event session.tool.progress
SMOKE event session.reasoning.delta
SMOKE event session.reasoning.delta
SMOKE event session.reasoning.delta
SMOKE event session.reasoning.delta
SMOKE event session.reasoning.delta
SMOKE event session.reasoning.delta
SMOKE event session.reasoning.delta
SMOKE event session.reasoning.delta
SMOKE event session.reasoning.delta
SMOKE event session.reasoning.delta
SMOKE event session.reasoning.delta
SMOKE event session.reasoning.delta
SMOKE event session.reasoning.delta
SMOKE event session.reasoning.delta
SMOKE event session.reasoning.delta
SMOKE event session.reasoning.delta
SMOKE event session.reasoning.delta
SMOKE event session.reasoning.delta
SMOKE event session.reasoning.delta
SMOKE event session.reasoning.delta
SMOKE event session.reasoning.delta
SMOKE event session.reasoning.delta
SMOKE event session.reasoning.delta
SMOKE event session.reasoning.delta
SMOKE event session.reasoning.delta
SMOKE event session.tool.progress
SMOKE event session.reasoning.delta
SMOKE event session.reasoning.delta
SMOKE event session.reasoning.delta
SMOKE event session.reasoning.delta
SMOKE event session.reasoning.delta
SMOKE event session.reasoning.delta
SMOKE event session.reasoning.delta
SMOKE event session.reasoning.delta
SMOKE event session.reasoning.delta
SMOKE event session.reasoning.delta
SMOKE event session.reasoning.delta
SMOKE event session.reasoning.delta
SMOKE event session.reasoning.delta
SMOKE event session.reasoning.delta
SMOKE event session.reasoning.delta
SMOKE event session.reasoning.delta
SMOKE event session.reasoning.delta
SMOKE event session.reasoning.delta
SMOKE event session.reasoning.delta
SMOKE event session.reasoning.delta
SMOKE event session.reasoning.delta
SMOKE event session.reasoning.delta
SMOKE event session.reasoning.delta
SMOKE event session.reasoning.delta
SMOKE event session.tool.progress
SMOKE event session.reasoning.delta
SMOKE event session.reasoning.delta
SMOKE event session.reasoning.delta
SMOKE event session.reasoning.delta
SMOKE event session.reasoning.delta
SMOKE event session.reasoning.delta
SMOKE event session.tool.progress
SMOKE event session.reasoning.delta
SMOKE event session.reasoning.delta
SMOKE event session.reasoning.delta
SMOKE event session.reasoning.delta
SMOKE event session.reasoning.delta
SMOKE event session.reasoning.delta
SMOKE event session.reasoning.delta
SMOKE event session.reasoning.delta
SMOKE event session.reasoning.delta
SMOKE event session.reasoning.delta
SMOKE event session.reasoning.delta
SMOKE event session.reasoning.delta
SMOKE event session.reasoning.delta
SMOKE event session.reasoning.delta
SMOKE event session.reasoning.delta
SMOKE event session.reasoning.delta
SMOKE event session.tool.progress
SMOKE event session.reasoning.delta
SMOKE event session.reasoning.delta
SMOKE event session.reasoning.delta
SMOKE event session.reasoning.delta
SMOKE event session.reasoning.delta
SMOKE event session.reasoning.delta
SMOKE event session.reasoning.delta
SMOKE event session.reasoning.delta
SMOKE event session.reasoning.delta
SMOKE event session.reasoning.delta
SMOKE event session.reasoning.delta
SMOKE event session.reasoning.delta
SMOKE event session.reasoning.delta
SMOKE event session.reasoning.delta
SMOKE event session.reasoning.delta
SMOKE event session.reasoning.delta
SMOKE event session.reasoning.delta
SMOKE event session.reasoning.delta
SMOKE event session.reasoning.delta
SMOKE event session.tool.progress
SMOKE event session.reasoning.delta
SMOKE event session.reasoning.delta
SMOKE event session.reasoning.delta
SMOKE event session.reasoning.delta
SMOKE event session.reasoning.delta
SMOKE event session.reasoning.delta
SMOKE event session.reasoning.delta
SMOKE event session.reasoning.delta
SMOKE event session.reasoning.delta
SMOKE event session.reasoning.delta
SMOKE event session.reasoning.delta
SMOKE event session.reasoning.delta
SMOKE event session.reasoning.delta
SMOKE event session.reasoning.delta
SMOKE event session.reasoning.delta
SMOKE event session.reasoning.delta
SMOKE event session.reasoning.delta
SMOKE event session.reasoning.delta
SMOKE event session.reasoning.delta
SMOKE event session.reasoning.delta
SMOKE event session.reasoning.delta
SMOKE event session.reasoning.delta
SMOKE event session.reasoning.delta
SMOKE event session.reasoning.delta
SMOKE event session.reasoning.delta
SMOKE event session.tool.progress
SMOKE event session.reasoning.delta
SMOKE event session.reasoning.delta
SMOKE event session.reasoning.delta
SMOKE event session.reasoning.delta
SMOKE event session.reasoning.delta
SMOKE event session.reasoning.delta
SMOKE event session.reasoning.delta
SMOKE event session.reasoning.delta
SMOKE event session.reasoning.delta
SMOKE event session.reasoning.delta
SMOKE event session.reasoning.delta
SMOKE event session.reasoning.delta
SMOKE event session.reasoning.delta
SMOKE event session.reasoning.delta
SMOKE event session.tool.progress
SMOKE event session.reasoning.delta
SMOKE event session.reasoning.delta
SMOKE event session.reasoning.delta
SMOKE event session.reasoning.delta
SMOKE event session.reasoning.delta
SMOKE event session.reasoning.delta
SMOKE event session.reasoning.delta
SMOKE event session.reasoning.delta
SMOKE event session.reasoning.delta
SMOKE event session.reasoning.delta
SMOKE event session.reasoning.delta
SMOKE event session.reasoning.delta
SMOKE event session.tool.progress
SMOKE event session.reasoning.delta
SMOKE event session.reasoning.delta
SMOKE event session.reasoning.delta
SMOKE event session.reasoning.delta
SMOKE event session.reasoning.delta
SMOKE event session.reasoning.delta
SMOKE event session.reasoning.delta
SMOKE event session.tool.progress
SMOKE event session.reasoning.delta
SMOKE event session.reasoning.delta
SMOKE event session.reasoning.delta
SMOKE event session.reasoning.delta
SMOKE event session.reasoning.delta
SMOKE event session.reasoning.delta
SMOKE event session.reasoning.delta
SMOKE event session.reasoning.delta
SMOKE event session.reasoning.delta
SMOKE event session.reasoning.delta
SMOKE event session.reasoning.delta
SMOKE event session.reasoning.delta
SMOKE event session.reasoning.delta
SMOKE event session.reasoning.delta
SMOKE event session.reasoning.delta
SMOKE event session.reasoning.delta
SMOKE event session.reasoning.delta
SMOKE event session.reasoning.delta
SMOKE event session.reasoning.delta
SMOKE event session.reasoning.delta
SMOKE event session.reasoning.delta
SMOKE event session.reasoning.delta
SMOKE event session.reasoning.delta
SMOKE event session.reasoning.delta
SMOKE event session.reasoning.delta
SMOKE event session.reasoning.delta
SMOKE event session.reasoning.delta
SMOKE event session.reasoning.delta
SMOKE event session.reasoning.delta
SMOKE event session.reasoning.delta
SMOKE event session.reasoning.delta
SMOKE event session.reasoning.delta
SMOKE event session.reasoning.delta
SMOKE event session.reasoning.delta
SMOKE event session.tool.progress
SMOKE event session.reasoning.delta
SMOKE event session.reasoning.delta
SMOKE event session.reasoning.delta
SMOKE event session.reasoning.delta
SMOKE event session.reasoning.delta
SMOKE event session.reasoning.delta
SMOKE event session.reasoning.delta
SMOKE event session.reasoning.delta
SMOKE event session.reasoning.delta
SMOKE event session.reasoning.delta
SMOKE event session.reasoning.delta
SMOKE event session.reasoning.delta
SMOKE event session.reasoning.delta
SMOKE event session.reasoning.delta
SMOKE event session.reasoning.delta
SMOKE event session.reasoning.delta
SMOKE event session.reasoning.delta
SMOKE event session.reasoning.delta
SMOKE event session.reasoning.delta
SMOKE event session.tool.progress
SMOKE event session.reasoning.delta
SMOKE event session.reasoning.delta
SMOKE event session.reasoning.delta
SMOKE event session.reasoning.delta
SMOKE event session.reasoning.delta
SMOKE event session.reasoning.delta
SMOKE event session.reasoning.delta
SMOKE event session.reasoning.delta
SMOKE event session.reasoning.delta
SMOKE event session.reasoning.delta
SMOKE event session.reasoning.delta
SMOKE event session.reasoning.delta
SMOKE event session.reasoning.delta
SMOKE event session.reasoning.delta
SMOKE event session.reasoning.delta
SMOKE event session.reasoning.delta
SMOKE event session.reasoning.delta
SMOKE event session.tool.progress
SMOKE event session.reasoning.delta
SMOKE event session.reasoning.delta
SMOKE event session.reasoning.delta
SMOKE event session.reasoning.delta
SMOKE event session.reasoning.delta
SMOKE event session.reasoning.delta
SMOKE event session.reasoning.delta
SMOKE event session.reasoning.delta
SMOKE event session.reasoning.delta
SMOKE event session.reasoning.delta
SMOKE event session.reasoning.delta
SMOKE event session.reasoning.delta
SMOKE event session.reasoning.delta
SMOKE event session.reasoning.delta
SMOKE event session.tool.progress
SMOKE event session.reasoning.delta
SMOKE event session.reasoning.delta
SMOKE event session.reasoning.delta
SMOKE event session.reasoning.delta
SMOKE event session.reasoning.delta
SMOKE event session.reasoning.delta
SMOKE event session.reasoning.delta
SMOKE event session.reasoning.delta
SMOKE event session.reasoning.delta
SMOKE event session.reasoning.delta
SMOKE event session.reasoning.delta
SMOKE event session.reasoning.delta
SMOKE event session.reasoning.delta
SMOKE event session.reasoning.delta
SMOKE event session.reasoning.delta
SMOKE event session.reasoning.delta
SMOKE event session.reasoning.delta
SMOKE event session.reasoning.delta
SMOKE event session.reasoning.delta
SMOKE event session.reasoning.delta
SMOKE event session.reasoning.delta
SMOKE event session.reasoning.delta
SMOKE event session.reasoning.delta
SMOKE event session.tool.progress
SMOKE event session.reasoning.delta
SMOKE event session.reasoning.delta
SMOKE event session.reasoning.delta
SMOKE event session.reasoning.delta
SMOKE event session.reasoning.delta
SMOKE event session.reasoning.delta
SMOKE event session.tool.progress
SMOKE event session.reasoning.delta
SMOKE event session.reasoning.delta
SMOKE event session.reasoning.delta
SMOKE event session.reasoning.delta
SMOKE event session.reasoning.delta
SMOKE event session.reasoning.delta
SMOKE event session.reasoning.delta
SMOKE event session.reasoning.delta
SMOKE event session.reasoning.delta
SMOKE event session.reasoning.delta
SMOKE event session.reasoning.delta
SMOKE event session.reasoning.delta
SMOKE event session.reasoning.delta
SMOKE event session.reasoning.delta
SMOKE event session.reasoning.delta
SMOKE event session.reasoning.delta
SMOKE event session.reasoning.delta
SMOKE event session.reasoning.delta
SMOKE event session.tool.progress
SMOKE event session.reasoning.delta
SMOKE event session.reasoning.delta
SMOKE event session.reasoning.delta
SMOKE event session.reasoning.delta
SMOKE event session.reasoning.delta
SMOKE event session.reasoning.delta
SMOKE event session.reasoning.delta
SMOKE event session.reasoning.delta
SMOKE event session.reasoning.delta
SMOKE event session.reasoning.delta
SMOKE event session.reasoning.delta
SMOKE event session.reasoning.delta
SMOKE event session.reasoning.delta
SMOKE event session.reasoning.delta
SMOKE event session.reasoning.delta
SMOKE event session.reasoning.delta
SMOKE event session.reasoning.delta
SMOKE event session.reasoning.delta
SMOKE event session.reasoning.delta
SMOKE event session.reasoning.delta
SMOKE event session.reasoning.delta
SMOKE event session.reasoning.delta
SMOKE event session.reasoning.delta
SMOKE event session.reasoning.delta
SMOKE event session.reasoning.delta
SMOKE event session.reasoning.delta
SMOKE event session.reasoning.delta
SMOKE event session.reasoning.delta
SMOKE event session.reasoning.delta
SMOKE event session.reasoning.delta
SMOKE event session.reasoning.delta
SMOKE event session.reasoning.delta
SMOKE event session.reasoning.delta
SMOKE event session.reasoning.delta
SMOKE event session.reasoning.delta
SMOKE event session.reasoning.delta
SMOKE event session.reasoning.delta
SMOKE event session.reasoning.delta
SMOKE event session.reasoning.delta
SMOKE event session.reasoning.delta
SMOKE event session.reasoning.delta
SMOKE event session.reasoning.delta
SMOKE event session.tool.progress
SMOKE event session.reasoning.delta
SMOKE event session.reasoning.delta
SMOKE event session.reasoning.delta
SMOKE event session.reasoning.delta
SMOKE event session.reasoning.delta
SMOKE event session.reasoning.delta
SMOKE event session.reasoning.delta
SMOKE event session.reasoning.delta
SMOKE event session.reasoning.delta
SMOKE event session.reasoning.delta
SMOKE event session.reasoning.delta
SMOKE event session.reasoning.delta
SMOKE event session.reasoning.delta
SMOKE event session.reasoning.delta
SMOKE event session.reasoning.delta
SMOKE event session.reasoning.delta
SMOKE event session.reasoning.delta
SMOKE event session.reasoning.delta
SMOKE event session.reasoning.delta
SMOKE event session.reasoning.delta
SMOKE event session.reasoning.delta
SMOKE event session.reasoning.delta
SMOKE event session.reasoning.delta
SMOKE event session.reasoning.delta
SMOKE event session.reasoning.delta
SMOKE event session.reasoning.delta
SMOKE event session.reasoning.delta
SMOKE event session.reasoning.delta
SMOKE event session.reasoning.delta
SMOKE event session.reasoning.delta
SMOKE event session.reasoning.delta
SMOKE event session.reasoning.delta
SMOKE event session.reasoning.delta
SMOKE event session.reasoning.delta
SMOKE event session.reasoning.delta
SMOKE event session.reasoning.delta
SMOKE event session.reasoning.delta
SMOKE event session.reasoning.delta
SMOKE event session.reasoning.delta
SMOKE event session.reasoning.delta
SMOKE event session.reasoning.delta
SMOKE event session.reasoning.delta
SMOKE event session.reasoning.delta
SMOKE event session.reasoning.delta
SMOKE event session.tool.progress
SMOKE event session.reasoning.delta
SMOKE event session.reasoning.delta
SMOKE event session.reasoning.delta
SMOKE event session.reasoning.delta
SMOKE event session.reasoning.delta
SMOKE event session.reasoning.delta
SMOKE event session.reasoning.delta
SMOKE event session.reasoning.delta
SMOKE event session.reasoning.delta
SMOKE event session.reasoning.delta
SMOKE event session.reasoning.delta
SMOKE event session.reasoning.delta
SMOKE event session.reasoning.delta
SMOKE event session.reasoning.delta
SMOKE event session.reasoning.delta
SMOKE event session.reasoning.delta
SMOKE event session.reasoning.delta
SMOKE event session.reasoning.delta
SMOKE event session.reasoning.delta
SMOKE event session.reasoning.delta
SMOKE event session.reasoning.delta
SMOKE event session.reasoning.delta
SMOKE event session.reasoning.delta
SMOKE event session.reasoning.delta
SMOKE event session.reasoning.delta
SMOKE event session.reasoning.delta
SMOKE event session.reasoning.delta
SMOKE event session.reasoning.delta
SMOKE event session.reasoning.delta
SMOKE event session.reasoning.delta
SMOKE event session.reasoning.delta
SMOKE event session.reasoning.delta
SMOKE event session.reasoning.delta
SMOKE event session.reasoning.delta
SMOKE event session.reasoning.delta
SMOKE event session.reasoning.delta
SMOKE event session.reasoning.delta
SMOKE event session.reasoning.delta
SMOKE event session.reasoning.delta
SMOKE event session.reasoning.delta
SMOKE event session.reasoning.delta
SMOKE event session.reasoning.delta
SMOKE event session.reasoning.delta
SMOKE event session.reasoning.delta
SMOKE event session.reasoning.delta
SMOKE event session.tool.progress
SMOKE event session.reasoning.delta
SMOKE event session.reasoning.delta
SMOKE event session.reasoning.delta
SMOKE event session.reasoning.delta
SMOKE event session.reasoning.delta
SMOKE event session.reasoning.delta
SMOKE event session.reasoning.delta
SMOKE event session.reasoning.delta
SMOKE event session.reasoning.delta
SMOKE event session.reasoning.delta
SMOKE event session.reasoning.delta
SMOKE event session.reasoning.delta
SMOKE event session.reasoning.delta
SMOKE event session.reasoning.delta
SMOKE event session.reasoning.delta
SMOKE event session.reasoning.delta
SMOKE event session.reasoning.delta
SMOKE event session.reasoning.delta
SMOKE event session.reasoning.delta
SMOKE event session.reasoning.delta
SMOKE event session.reasoning.delta
SMOKE event session.reasoning.delta
SMOKE event session.reasoning.delta
SMOKE event session.reasoning.delta
SMOKE event session.reasoning.delta
SMOKE event session.reasoning.delta
SMOKE event session.reasoning.delta
SMOKE event session.reasoning.delta
SMOKE event session.reasoning.delta
SMOKE event session.reasoning.delta
SMOKE event session.reasoning.delta
SMOKE event session.reasoning.delta
SMOKE event session.reasoning.delta
SMOKE event session.reasoning.delta
SMOKE event session.reasoning.delta
SMOKE event session.reasoning.delta
SMOKE event session.reasoning.delta
SMOKE event session.reasoning.delta
SMOKE event session.reasoning.delta
SMOKE event session.reasoning.delta
SMOKE event session.reasoning.delta
SMOKE event session.reasoning.delta
SMOKE event session.reasoning.delta
SMOKE event session.reasoning.delta
SMOKE event session.reasoning.delta
SMOKE event session.reasoning.delta
SMOKE event session.reasoning.delta
SMOKE event session.reasoning.delta
SMOKE event session.tool.progress
SMOKE event session.reasoning.delta
SMOKE event session.reasoning.delta
SMOKE event session.reasoning.delta
SMOKE event session.reasoning.delta
SMOKE event session.reasoning.delta
SMOKE event session.reasoning.delta
SMOKE event session.reasoning.delta
SMOKE event session.reasoning.delta
SMOKE event session.reasoning.delta
SMOKE event session.reasoning.delta
SMOKE event session.reasoning.delta
SMOKE event session.reasoning.delta
SMOKE event session.reasoning.delta
SMOKE event session.reasoning.delta
SMOKE event session.reasoning.delta
SMOKE event session.reasoning.delta
SMOKE event session.reasoning.delta
SMOKE event session.reasoning.delta
SMOKE event session.reasoning.delta
SMOKE event session.reasoning.delta
SMOKE event session.reasoning.delta
SMOKE event session.reasoning.delta
SMOKE event session.reasoning.delta
SMOKE event session.reasoning.delta
SMOKE event session.reasoning.delta
SMOKE event session.reasoning.delta
SMOKE event session.reasoning.delta
SMOKE event session.reasoning.delta
SMOKE event session.reasoning.delta
SMOKE event session.reasoning.delta
SMOKE event session.reasoning.delta
SMOKE event session.reasoning.delta
SMOKE event session.reasoning.delta
SMOKE event session.reasoning.delta
SMOKE event session.tool.progress
SMOKE event session.reasoning.delta
SMOKE event session.reasoning.delta
SMOKE event session.reasoning.delta
SMOKE event session.reasoning.delta
SMOKE event session.reasoning.delta
SMOKE event session.reasoning.delta
SMOKE event session.reasoning.delta
SMOKE event session.reasoning.delta
SMOKE event session.reasoning.delta
SMOKE event session.reasoning.delta
SMOKE event session.reasoning.delta
SMOKE event session.reasoning.delta
SMOKE event session.reasoning.delta
SMOKE event session.reasoning.delta
SMOKE event session.reasoning.delta
SMOKE event session.reasoning.delta
SMOKE event session.reasoning.delta
SMOKE event session.reasoning.delta
SMOKE event session.reasoning.delta
SMOKE event session.reasoning.delta
SMOKE event session.tool.progress
SMOKE event session.reasoning.delta
SMOKE event session.reasoning.delta
SMOKE event session.tool.progress
SMOKE event session.reasoning.delta
SMOKE event session.reasoning.delta
SMOKE event session.tool.progress
SMOKE event session.reasoning.delta
SMOKE event session.reasoning.delta
SMOKE event session.tool.progress
SMOKE event session.reasoning.delta
SMOKE event session.reasoning.delta
SMOKE event session.reasoning.delta
SMOKE event session.reasoning.delta
SMOKE event session.tool.progress
SMOKE event session.reasoning.delta
SMOKE event session.reasoning.delta
SMOKE event session.reasoning.delta
SMOKE event session.reasoning.delta
SMOKE event session.reasoning.delta
SMOKE event session.tool.progress
SMOKE event session.reasoning.delta
SMOKE event session.reasoning.delta
SMOKE event session.reasoning.delta
SMOKE event session.reasoning.delta
SMOKE event session.tool.progress
SMOKE event session.reasoning.delta
SMOKE event session.reasoning.delta
SMOKE event session.reasoning.delta
SMOKE event session.reasoning.delta
SMOKE event session.reasoning.delta
SMOKE event session.tool.progress
SMOKE event session.reasoning.delta
SMOKE event session.reasoning.delta
SMOKE event session.reasoning.delta
SMOKE event session.reasoning.delta
SMOKE event session.tool.progress
SMOKE event session.reasoning.delta
SMOKE event session.reasoning.delta
SMOKE event session.reasoning.delta
SMOKE event session.reasoning.delta
SMOKE event session.reasoning.delta
SMOKE event session.reasoning.delta
SMOKE event session.tool.progress
SMOKE event session.reasoning.delta
SMOKE event session.reasoning.delta
SMOKE event session.reasoning.delta
SMOKE event session.reasoning.delta
SMOKE event session.tool.progress
SMOKE event session.reasoning.delta
SMOKE event session.reasoning.delta
SMOKE event shell.exited
SMOKE event shell.deleted
SMOKE event session.tool.success
SMOKE event session.step.ended
SMOKE event session.usage.updated
SMOKE event session.reasoning.delta
SMOKE event session.reasoning.delta
SMOKE event session.reasoning.delta
SMOKE event session.reasoning.delta
SMOKE event session.reasoning.delta
SMOKE event session.reasoning.delta
SMOKE event session.reasoning.delta
SMOKE event session.reasoning.delta
SMOKE event session.reasoning.delta
SMOKE event session.reasoning.delta
SMOKE event session.reasoning.delta
SMOKE event session.reasoning.delta
SMOKE event session.reasoning.delta
SMOKE event session.reasoning.delta
SMOKE event session.reasoning.delta
SMOKE event session.reasoning.delta
SMOKE event session.reasoning.delta
SMOKE event session.reasoning.delta
SMOKE event session.reasoning.delta
SMOKE event session.reasoning.delta
SMOKE event session.reasoning.delta
SMOKE event session.reasoning.delta
SMOKE event session.reasoning.delta
SMOKE event session.reasoning.delta
SMOKE event session.reasoning.delta
SMOKE event session.reasoning.delta
SMOKE event session.reasoning.delta
SMOKE event session.reasoning.delta
SMOKE event session.reasoning.delta
SMOKE event session.reasoning.delta
SMOKE event session.reasoning.delta
SMOKE event session.reasoning.delta
SMOKE event session.reasoning.delta
SMOKE event session.reasoning.delta
SMOKE event session.reasoning.delta
SMOKE event session.reasoning.delta
SMOKE event session.reasoning.delta
SMOKE event session.reasoning.delta
SMOKE event session.reasoning.delta
SMOKE event session.reasoning.delta
SMOKE event session.reasoning.delta
SMOKE event session.reasoning.delta
SMOKE event session.reasoning.delta
SMOKE event session.reasoning.delta
SMOKE event session.reasoning.delta
SMOKE event session.reasoning.delta
SMOKE event session.reasoning.delta
SMOKE event session.reasoning.delta
SMOKE event session.reasoning.delta
SMOKE event session.reasoning.delta
SMOKE event session.reasoning.delta
SMOKE event session.reasoning.delta
SMOKE event session.reasoning.delta
SMOKE event session.reasoning.delta
SMOKE event session.reasoning.delta
SMOKE event session.reasoning.delta
SMOKE event session.reasoning.delta
SMOKE event session.reasoning.delta
SMOKE event session.reasoning.delta
SMOKE event session.reasoning.delta
SMOKE event session.reasoning.delta
SMOKE event session.reasoning.delta
SMOKE event session.reasoning.delta
SMOKE event session.reasoning.delta
SMOKE event session.reasoning.delta
SMOKE event session.reasoning.delta
SMOKE event session.reasoning.delta
SMOKE event session.reasoning.delta
SMOKE event session.reasoning.delta
SMOKE event session.reasoning.delta
SMOKE event session.reasoning.delta
SMOKE event session.reasoning.delta
SMOKE event session.reasoning.delta
SMOKE event session.reasoning.delta
SMOKE event session.reasoning.delta
SMOKE event session.reasoning.delta
SMOKE event session.reasoning.delta
SMOKE event session.reasoning.delta
SMOKE event session.reasoning.delta
SMOKE event session.reasoning.delta
SMOKE event session.reasoning.delta
SMOKE event session.reasoning.delta
SMOKE event session.reasoning.delta
SMOKE event session.reasoning.delta
SMOKE event session.reasoning.delta
SMOKE event session.reasoning.delta
SMOKE event session.reasoning.delta
SMOKE event session.reasoning.delta
SMOKE event session.reasoning.delta
SMOKE event session.reasoning.delta
SMOKE event session.reasoning.delta
SMOKE event session.reasoning.delta
SMOKE event session.reasoning.delta
SMOKE event session.reasoning.delta
SMOKE event session.reasoning.delta
SMOKE event session.reasoning.delta
SMOKE event session.reasoning.delta
SMOKE event session.reasoning.delta
SMOKE event session.reasoning.delta
SMOKE event session.reasoning.delta
SMOKE event session.reasoning.delta
SMOKE event session.reasoning.delta
SMOKE event session.reasoning.delta
SMOKE event session.reasoning.delta
SMOKE event session.reasoning.delta
SMOKE event session.reasoning.delta
SMOKE event session.reasoning.delta
SMOKE event session.reasoning.delta
SMOKE event session.reasoning.delta
SMOKE event session.reasoning.delta
SMOKE event session.reasoning.delta
SMOKE event session.reasoning.delta
SMOKE event session.reasoning.delta
SMOKE event session.reasoning.delta
SMOKE event session.reasoning.delta
SMOKE event session.reasoning.delta
SMOKE event session.reasoning.delta
SMOKE event session.reasoning.delta
SMOKE event session.reasoning.delta
SMOKE event session.reasoning.delta
SMOKE event session.reasoning.delta
SMOKE event session.reasoning.delta
SMOKE event session.reasoning.delta
SMOKE event session.reasoning.delta
SMOKE event session.reasoning.delta
SMOKE event session.reasoning.delta
SMOKE event session.reasoning.delta
SMOKE event session.reasoning.delta
SMOKE event session.reasoning.delta
SMOKE event session.reasoning.delta
SMOKE event session.reasoning.delta
SMOKE event session.reasoning.delta
SMOKE event session.reasoning.delta
SMOKE event session.reasoning.delta
SMOKE event session.reasoning.delta
SMOKE event session.reasoning.delta
SMOKE event session.reasoning.delta
SMOKE event session.reasoning.delta
SMOKE event session.reasoning.delta
SMOKE event session.reasoning.delta
SMOKE event session.reasoning.delta
SMOKE event session.reasoning.delta
SMOKE event session.reasoning.delta
SMOKE event session.reasoning.delta
SMOKE event session.reasoning.delta
SMOKE event session.reasoning.delta
SMOKE event session.reasoning.delta
SMOKE event session.reasoning.delta
SMOKE event session.reasoning.delta
SMOKE event session.reasoning.delta
SMOKE event session.reasoning.delta
SMOKE event session.reasoning.delta
SMOKE event session.reasoning.delta
SMOKE event session.reasoning.delta
SMOKE event session.reasoning.delta
SMOKE event session.reasoning.delta
SMOKE event session.reasoning.delta
SMOKE event session.reasoning.delta
SMOKE event session.reasoning.delta
SMOKE event session.reasoning.delta
SMOKE event session.reasoning.delta
SMOKE event session.reasoning.delta
SMOKE event session.reasoning.delta
SMOKE event session.reasoning.delta
SMOKE event session.reasoning.delta
SMOKE event session.reasoning.delta
SMOKE event session.reasoning.delta
SMOKE event session.reasoning.delta
SMOKE event session.reasoning.delta
SMOKE event session.reasoning.delta
SMOKE event session.reasoning.delta
SMOKE event session.reasoning.delta
SMOKE event session.reasoning.delta
SMOKE event session.reasoning.delta
SMOKE event session.reasoning.delta
SMOKE event session.reasoning.delta
SMOKE event session.reasoning.delta
SMOKE event session.reasoning.delta
SMOKE event session.reasoning.delta
SMOKE event session.reasoning.delta
SMOKE event session.reasoning.delta
SMOKE event session.reasoning.delta
SMOKE event session.reasoning.delta
SMOKE event session.reasoning.delta
SMOKE event session.reasoning.delta
SMOKE event session.reasoning.delta
SMOKE event session.reasoning.delta
SMOKE event session.reasoning.delta
SMOKE event session.reasoning.delta
SMOKE event session.reasoning.delta
SMOKE event session.reasoning.delta
SMOKE event session.reasoning.delta
SMOKE event session.reasoning.delta
SMOKE event session.reasoning.delta
SMOKE event session.reasoning.delta
SMOKE event session.reasoning.delta
SMOKE event session.reasoning.delta
SMOKE event session.reasoning.delta
SMOKE event session.reasoning.delta
SMOKE event session.reasoning.delta
SMOKE event session.reasoning.delta
SMOKE event session.reasoning.delta
SMOKE event session.reasoning.delta
SMOKE event session.reasoning.delta
SMOKE event session.reasoning.delta
SMOKE event session.reasoning.delta
SMOKE event session.reasoning.delta
SMOKE event session.reasoning.delta
SMOKE event session.reasoning.delta
SMOKE event session.reasoning.delta
SMOKE event session.reasoning.delta
SMOKE event session.reasoning.delta
SMOKE event session.reasoning.delta
SMOKE event session.reasoning.delta
SMOKE event session.reasoning.delta
SMOKE event session.reasoning.delta
SMOKE event session.reasoning.delta
SMOKE event session.reasoning.delta
SMOKE event session.reasoning.delta
SMOKE event session.reasoning.delta
SMOKE event session.reasoning.delta
SMOKE event session.reasoning.delta
SMOKE event session.reasoning.delta
SMOKE event session.reasoning.delta
SMOKE event session.reasoning.delta
SMOKE event session.reasoning.delta
SMOKE event session.reasoning.delta
SMOKE event session.reasoning.delta
SMOKE event session.reasoning.delta
SMOKE event session.reasoning.delta
SMOKE event session.reasoning.delta
SMOKE event session.reasoning.delta
SMOKE event session.reasoning.delta
SMOKE event session.reasoning.delta
SMOKE event session.reasoning.delta
SMOKE event session.reasoning.delta
SMOKE event session.reasoning.delta
SMOKE event session.reasoning.delta
SMOKE event session.reasoning.delta
SMOKE event session.reasoning.delta
SMOKE event session.reasoning.delta
SMOKE event session.reasoning.delta
SMOKE event session.reasoning.delta
SMOKE event session.reasoning.delta
SMOKE event session.reasoning.delta
SMOKE event session.reasoning.delta
SMOKE event session.reasoning.delta
SMOKE event session.reasoning.delta
SMOKE event session.reasoning.delta
SMOKE event session.reasoning.delta
SMOKE event session.reasoning.delta
SMOKE event session.reasoning.delta
SMOKE event session.reasoning.delta
SMOKE event session.reasoning.delta
SMOKE event session.reasoning.delta
SMOKE event session.reasoning.delta
SMOKE event session.reasoning.delta
SMOKE event session.reasoning.delta
SMOKE event session.reasoning.delta
SMOKE event session.reasoning.delta
SMOKE event session.reasoning.delta
SMOKE event session.reasoning.delta
SMOKE event session.reasoning.delta
SMOKE event session.reasoning.delta
SMOKE event session.reasoning.delta
SMOKE event session.reasoning.delta
SMOKE event session.reasoning.delta
SMOKE event session.reasoning.delta
SMOKE event session.reasoning.delta
SMOKE event session.reasoning.delta
SMOKE event session.reasoning.delta
SMOKE event session.reasoning.delta
SMOKE event session.reasoning.delta
SMOKE event session.reasoning.delta
SMOKE event session.reasoning.delta
SMOKE event session.reasoning.delta
SMOKE event session.reasoning.delta
SMOKE event session.reasoning.delta
SMOKE event session.reasoning.delta
SMOKE event session.reasoning.delta
SMOKE event session.reasoning.delta
SMOKE event session.reasoning.delta
SMOKE event session.reasoning.delta
SMOKE event session.reasoning.delta
SMOKE event session.reasoning.delta
SMOKE event session.reasoning.delta
SMOKE event session.reasoning.delta
SMOKE event session.reasoning.delta
SMOKE event session.reasoning.delta
SMOKE event session.reasoning.delta
SMOKE event session.reasoning.delta
SMOKE event session.reasoning.delta
SMOKE event session.reasoning.delta
SMOKE event session.reasoning.delta
SMOKE event session.reasoning.delta
SMOKE event session.reasoning.delta
SMOKE event session.reasoning.delta
SMOKE event session.reasoning.delta
SMOKE event session.reasoning.delta
SMOKE event session.reasoning.delta
SMOKE event session.reasoning.delta
SMOKE event session.reasoning.delta
SMOKE event session.reasoning.delta
SMOKE event session.reasoning.delta
SMOKE event session.reasoning.delta
SMOKE event session.reasoning.delta
SMOKE event session.reasoning.delta
SMOKE event session.reasoning.delta
SMOKE event session.reasoning.delta
SMOKE event session.reasoning.delta
SMOKE event session.reasoning.delta
SMOKE event session.reasoning.delta
SMOKE event session.reasoning.delta
SMOKE event session.reasoning.delta
SMOKE event session.reasoning.delta
SMOKE event session.reasoning.delta
SMOKE event session.reasoning.delta
SMOKE event session.reasoning.delta
SMOKE event session.reasoning.delta
SMOKE event session.reasoning.delta
SMOKE event session.reasoning.delta
SMOKE event session.reasoning.delta
SMOKE event session.reasoning.delta
SMOKE event session.reasoning.delta
SMOKE event session.reasoning.delta
SMOKE event session.reasoning.delta
SMOKE event session.reasoning.delta
SMOKE event session.reasoning.delta
SMOKE event session.reasoning.delta
SMOKE event session.reasoning.delta
SMOKE event session.reasoning.delta
SMOKE event session.reasoning.delta
SMOKE event session.reasoning.delta
SMOKE event session.reasoning.delta
SMOKE event session.reasoning.delta
SMOKE event session.reasoning.delta
SMOKE event session.reasoning.delta
SMOKE event session.reasoning.delta
SMOKE event session.reasoning.delta
SMOKE event session.reasoning.delta
SMOKE event session.reasoning.delta
SMOKE event session.reasoning.delta
SMOKE event session.reasoning.delta
SMOKE event session.reasoning.delta
SMOKE event session.reasoning.delta
SMOKE event session.reasoning.delta
SMOKE event session.reasoning.delta
SMOKE event session.reasoning.delta
SMOKE event session.reasoning.delta
SMOKE event session.reasoning.delta
SMOKE event session.reasoning.delta
SMOKE event session.reasoning.delta
SMOKE event session.reasoning.delta
SMOKE event session.reasoning.delta
SMOKE event session.reasoning.delta
SMOKE event session.reasoning.delta
SMOKE event session.reasoning.delta
SMOKE event session.reasoning.delta
SMOKE event session.reasoning.delta
SMOKE event session.reasoning.delta
SMOKE event session.reasoning.delta
SMOKE event session.reasoning.delta
SMOKE event session.reasoning.delta
SMOKE event session.reasoning.delta
SMOKE event session.reasoning.delta
SMOKE event session.reasoning.delta
SMOKE event session.reasoning.delta
SMOKE event session.reasoning.delta
SMOKE event session.reasoning.delta
SMOKE event session.reasoning.delta
SMOKE event session.reasoning.delta
SMOKE event session.reasoning.delta
SMOKE event session.reasoning.delta
SMOKE event session.reasoning.delta
SMOKE event session.reasoning.delta
SMOKE event session.reasoning.delta
SMOKE event session.reasoning.delta
SMOKE event session.reasoning.delta
SMOKE event session.reasoning.delta
SMOKE event session.reasoning.delta
SMOKE event session.reasoning.delta
SMOKE event session.reasoning.delta
SMOKE event session.reasoning.delta
SMOKE event session.reasoning.delta
SMOKE event session.reasoning.delta
SMOKE event session.reasoning.delta
SMOKE event session.reasoning.delta
SMOKE event session.reasoning.delta
SMOKE event session.reasoning.delta
SMOKE event session.reasoning.delta
SMOKE event session.reasoning.delta
SMOKE event session.reasoning.delta
SMOKE event session.reasoning.delta
SMOKE event session.reasoning.delta
SMOKE event session.reasoning.delta
SMOKE event session.reasoning.delta
SMOKE event session.reasoning.delta
SMOKE event session.reasoning.delta
SMOKE event session.reasoning.delta
SMOKE event session.reasoning.delta
SMOKE event session.reasoning.delta
SMOKE event session.reasoning.delta
SMOKE event session.reasoning.delta
SMOKE event session.reasoning.delta
SMOKE event session.reasoning.delta
SMOKE event session.reasoning.delta
SMOKE event session.reasoning.delta
SMOKE event session.reasoning.delta
SMOKE event session.reasoning.delta
SMOKE event session.reasoning.delta
SMOKE event session.reasoning.delta
SMOKE event session.reasoning.delta
SMOKE event session.reasoning.delta
SMOKE event session.reasoning.delta
SMOKE event session.reasoning.delta
SMOKE event session.reasoning.delta
SMOKE event session.reasoning.delta
SMOKE event session.reasoning.delta
SMOKE event session.reasoning.delta
SMOKE event session.reasoning.delta
SMOKE event session.reasoning.delta
SMOKE event session.reasoning.delta
SMOKE event session.reasoning.delta
SMOKE event session.reasoning.delta
SMOKE event session.reasoning.delta
SMOKE event session.reasoning.delta
SMOKE event session.reasoning.delta
SMOKE event session.reasoning.delta
SMOKE event session.reasoning.delta
SMOKE event session.reasoning.delta
SMOKE event session.reasoning.delta
SMOKE event session.reasoning.delta
SMOKE event session.reasoning.delta
SMOKE event session.reasoning.delta
SMOKE event session.reasoning.delta
SMOKE event session.reasoning.delta
SMOKE event session.reasoning.delta
SMOKE event session.reasoning.delta
SMOKE event session.reasoning.delta
SMOKE event session.reasoning.delta
SMOKE event session.reasoning.delta
SMOKE event session.reasoning.delta
SMOKE event session.reasoning.delta
SMOKE event session.reasoning.delta
SMOKE event session.reasoning.delta
SMOKE event session.reasoning.delta
SMOKE event session.step.started
SMOKE event session.text.started
SMOKE event session.text.delta
SMOKE event session.text.delta
SMOKE event session.text.delta
SMOKE event session.text.delta
SMOKE event session.text.delta
SMOKE event session.text.delta
SMOKE event session.text.ended
SMOKE event session.tool.input.started
SMOKE event session.tool.input.delta
SMOKE event session.tool.input.delta
SMOKE event session.tool.input.delta
SMOKE event session.tool.input.delta
SMOKE event session.tool.input.delta
SMOKE event session.tool.input.delta
SMOKE event session.tool.input.delta
SMOKE event session.tool.input.delta
SMOKE event session.tool.input.delta
SMOKE event session.tool.input.delta
SMOKE event session.tool.input.delta
SMOKE event session.tool.input.delta
SMOKE event session.tool.input.delta
SMOKE event session.tool.input.delta
SMOKE event session.tool.input.delta
SMOKE event session.tool.input.delta
SMOKE event session.tool.input.delta
SMOKE event session.tool.input.delta
SMOKE event session.tool.input.delta
SMOKE event session.tool.input.delta
SMOKE event session.tool.input.delta
SMOKE event session.tool.input.delta
SMOKE event session.tool.input.delta
SMOKE event session.tool.input.delta
SMOKE event session.tool.input.delta
SMOKE event session.tool.input.delta
SMOKE event session.tool.input.delta
SMOKE event session.tool.input.delta
SMOKE event session.tool.input.delta
SMOKE event session.tool.input.delta
SMOKE event session.tool.input.delta
SMOKE event session.tool.input.delta
SMOKE event session.tool.input.delta
SMOKE event session.tool.input.delta
SMOKE event session.tool.input.delta
SMOKE event session.tool.input.delta
SMOKE event session.tool.input.delta
SMOKE event session.tool.input.delta
SMOKE event session.tool.input.delta
SMOKE event session.tool.input.delta
SMOKE event session.tool.input.ended
SMOKE event session.tool.called
SMOKE event session.diagnostics.updated
SMOKE event guardrail.decided
SMOKE event shell.created
SMOKE event session.reasoning.delta
SMOKE event session.reasoning.delta
SMOKE event session.tool.progress
SMOKE event session.reasoning.delta
SMOKE event session.reasoning.delta
SMOKE event session.reasoning.delta
SMOKE event session.reasoning.delta
SMOKE event session.reasoning.delta
SMOKE event session.reasoning.delta
SMOKE event session.reasoning.delta
SMOKE event session.reasoning.delta
SMOKE event session.reasoning.delta
SMOKE event session.reasoning.delta
SMOKE event session.reasoning.delta
SMOKE event session.reasoning.delta
SMOKE event session.reasoning.delta
SMOKE event session.reasoning.delta
SMOKE event session.reasoning.delta
SMOKE event session.reasoning.delta
SMOKE event session.reasoning.delta
SMOKE event session.reasoning.delta
SMOKE event session.reasoning.delta
SMOKE event session.reasoning.delta
SMOKE event session.reasoning.delta
SMOKE event session.reasoning.delta
SMOKE event session.reasoning.delta
SMOKE event session.reasoning.delta
SMOKE event session.reasoning.delta
SMOKE event session.tool.progress
SMOKE event session.reasoning.delta
SMOKE event session.reasoning.delta
SMOKE event session.reasoning.delta
SMOKE event session.reasoning.delta
SMOKE event session.reasoning.ended
SMOKE event session.tool.input.started
SMOKE event session.tool.input.delta
SMOKE event session.tool.input.delta
SMOKE event session.tool.input.delta
SMOKE event session.tool.input.delta
SMOKE event session.tool.input.delta
SMOKE event session.tool.input.delta
SMOKE event session.tool.input.delta
SMOKE event session.tool.input.delta
SMOKE event session.tool.input.delta
SMOKE event session.tool.input.delta
SMOKE event session.tool.input.ended
SMOKE event session.tool.called
SMOKE event session.tool.input.started
SMOKE event guardrail.decided
SMOKE event shell.created
SMOKE event shell.exited
SMOKE event shell.deleted
SMOKE event session.tool.success
SMOKE event session.tool.input.delta
SMOKE event session.tool.input.delta
SMOKE event session.tool.input.delta
SMOKE event session.tool.input.delta
SMOKE event session.tool.input.delta
SMOKE event session.tool.input.delta
SMOKE event session.tool.input.delta
SMOKE event session.tool.input.delta
SMOKE event session.tool.input.delta
SMOKE event session.tool.input.delta
SMOKE event session.tool.input.delta
SMOKE event session.tool.input.delta
SMOKE event session.tool.input.ended
SMOKE event session.tool.called
SMOKE event guardrail.decided
SMOKE event session.diagnostics.updated
SMOKE event shell.created
SMOKE event shell.exited
SMOKE event shell.deleted
SMOKE event session.tool.success
SMOKE event session.step.ended
SMOKE event session.usage.updated
SMOKE event session.input.promoted
SMOKE event session.tool.progress
SMOKE event session.tool.progress
SMOKE event session.tool.progress
SMOKE event session.step.started
SMOKE event session.tool.input.started
SMOKE event session.tool.input.delta
SMOKE event session.tool.input.delta
SMOKE event session.tool.input.delta
SMOKE event session.tool.input.delta
SMOKE event session.tool.input.delta
SMOKE event session.tool.input.delta
SMOKE event session.tool.input.delta
SMOKE event session.tool.input.delta
SMOKE event session.tool.input.delta
SMOKE event session.tool.input.delta
SMOKE event session.tool.input.delta
SMOKE event session.tool.input.delta
SMOKE event session.tool.input.delta
SMOKE event session.tool.input.delta
SMOKE event session.tool.input.delta
SMOKE event session.tool.input.delta
SMOKE event session.tool.input.delta
SMOKE event session.tool.input.delta
SMOKE event session.tool.input.delta
SMOKE event session.tool.input.delta
SMOKE event session.tool.input.delta
SMOKE event session.tool.input.delta
SMOKE event session.tool.input.delta
SMOKE event session.tool.input.delta
SMOKE event session.tool.input.delta
SMOKE event session.tool.input.delta
SMOKE event session.tool.input.delta
SMOKE event session.tool.input.delta
SMOKE event session.tool.input.delta
SMOKE event session.tool.input.delta
SMOKE event session.tool.input.delta
SMOKE event session.tool.input.delta
SMOKE event session.tool.input.delta
SMOKE event session.tool.input.delta
SMOKE event session.tool.progress
SMOKE event session.tool.input.delta
SMOKE event session.tool.input.delta
SMOKE event session.tool.input.delta
SMOKE event session.tool.input.delta
SMOKE event session.tool.input.delta
SMOKE event session.tool.input.delta
SMOKE event session.tool.input.delta
SMOKE event session.tool.input.delta
SMOKE event session.tool.input.delta
SMOKE event session.tool.input.delta
SMOKE event session.tool.input.delta
SMOKE event session.tool.input.delta
SMOKE event session.tool.input.delta
SMOKE event session.tool.input.delta
SMOKE event session.tool.input.delta
SMOKE event session.tool.input.delta
SMOKE event session.tool.input.delta
SMOKE event session.tool.input.delta
SMOKE event session.tool.progress
SMOKE event session.tool.input.delta
SMOKE event session.tool.input.delta
SMOKE event session.tool.input.delta
SMOKE event session.tool.input.delta
SMOKE event session.tool.input.delta
SMOKE event session.tool.input.delta
SMOKE event session.tool.input.delta
SMOKE event session.tool.input.delta
SMOKE event session.tool.input.delta
SMOKE event session.tool.input.delta
SMOKE event session.tool.input.delta
SMOKE event session.tool.input.delta
SMOKE event session.tool.input.delta
SMOKE event session.tool.input.delta
SMOKE event session.tool.input.delta
SMOKE event session.tool.input.delta
SMOKE event session.tool.input.delta
SMOKE event session.tool.input.delta
SMOKE event session.tool.input.delta
SMOKE event session.tool.input.delta
SMOKE event session.tool.input.delta
SMOKE event session.tool.input.delta
SMOKE event session.tool.input.delta
SMOKE event session.tool.input.delta
SMOKE event session.tool.progress
SMOKE event session.tool.input.delta
SMOKE event session.tool.input.delta
SMOKE event session.tool.input.delta
SMOKE event session.tool.input.delta
SMOKE event session.tool.progress
SMOKE event session.tool.input.delta
SMOKE event session.tool.input.delta
SMOKE event session.tool.input.delta
SMOKE event session.tool.input.delta
SMOKE event session.tool.input.delta
SMOKE event session.tool.input.delta
SMOKE event session.tool.input.delta
SMOKE event session.tool.input.delta
SMOKE event session.tool.input.delta
SMOKE event session.tool.input.delta
SMOKE event session.tool.input.delta
SMOKE event session.tool.input.delta
SMOKE event session.tool.input.delta
SMOKE event session.tool.input.delta
SMOKE event session.tool.input.delta
SMOKE event session.tool.input.delta
SMOKE event session.tool.input.delta
SMOKE event session.tool.input.delta
SMOKE event session.tool.input.delta
SMOKE event session.tool.input.delta
SMOKE event session.tool.input.delta
SMOKE event session.tool.input.delta
SMOKE event session.tool.input.delta
SMOKE event session.tool.input.delta
SMOKE event session.tool.input.delta
SMOKE event session.tool.input.delta
SMOKE event session.tool.input.delta
SMOKE event session.tool.input.delta
SMOKE event session.tool.input.delta
SMOKE event session.tool.input.delta
SMOKE event session.tool.input.delta
SMOKE event session.tool.input.delta
SMOKE event session.tool.input.delta
SMOKE event session.tool.input.delta
SMOKE event session.tool.input.delta
SMOKE event session.tool.input.delta
SMOKE event session.tool.input.delta
SMOKE event session.tool.input.delta
SMOKE event session.tool.input.delta
SMOKE event session.tool.input.delta
SMOKE event session.tool.input.delta
SMOKE event session.tool.input.delta
SMOKE event session.tool.input.delta
SMOKE event session.tool.input.delta
SMOKE event session.tool.input.ended
SMOKE event session.tool.called
SMOKE event session.task.updated
SMOKE event session.tool.success
SMOKE event session.diagnostics.updated
SMOKE event session.step.ended
SMOKE event session.usage.updated
SMOKE event session.tool.progress
SMOKE event session.tool.progress
SMOKE event session.step.started
SMOKE event session.reasoning.started
SMOKE event session.reasoning.delta
SMOKE event session.reasoning.delta
SMOKE event session.reasoning.delta
SMOKE event session.reasoning.delta
SMOKE event session.reasoning.delta
SMOKE event session.reasoning.delta
SMOKE event session.reasoning.delta
SMOKE event session.reasoning.delta
SMOKE event session.reasoning.delta
SMOKE event session.reasoning.ended
SMOKE event session.tool.input.started
SMOKE event session.tool.input.delta
SMOKE event session.tool.input.delta
SMOKE event session.tool.input.delta
SMOKE event session.tool.input.delta
SMOKE event session.tool.input.delta
SMOKE event session.tool.input.delta
SMOKE event session.tool.input.delta
SMOKE event session.tool.input.delta
SMOKE event session.tool.input.delta
SMOKE event session.tool.input.delta
SMOKE event session.tool.input.delta
SMOKE event session.tool.input.delta
SMOKE event session.tool.input.delta
SMOKE event session.tool.input.delta
SMOKE event session.tool.progress
SMOKE result=timeout after 120000ms; created=true submitted=true
EXIT=1
