Godot Engine v4.7.2.stable.official.ed1daf0bf - https://godotengine.org

[   0% ] [90m[1mfirst_scan_filesystem[22m | Started Project initialization (5 steps)[39m[0m
[   0% ] [90m[1mfirst_scan_filesystem[22m | Scanning file structure...[39m[0m
[  16% ] [90m[1mfirst_scan_filesystem[22m | Loading global class names...[39m[0m
[  33% ] [90m[1mfirst_scan_filesystem[22m | Verifying GDExtensions...[39m[0m
[  50% ] [90m[1mfirst_scan_filesystem[22m | Creating autoload scripts...[39m[0m
[  66% ] [90m[1mfirst_scan_filesystem[22m | Initializing plugins...[39m[0m
[  83% ] [90m[1mfirst_scan_filesystem[22m | Starting file scan...[39m[0m
[92m[ DONE ][39m [1mfirst_scan_filesystem[22m
[0m
[   0% ] [90m[1mexport[22m | Started Exporting for macOS (3 steps)[39m[0m
[   0% ] [90m[1mexport[22m | Creating app bundle[39m[0m
[  25% ] [90m[1mexport[22m | Making PKG[39m[0m
[   0% ] [90m[1msavepack[22m | Started Packing (102 steps)[39m[0m
[   1% ] [90m[1msavepack[22m | Storing File: res://app/main.gdc[39m[0m
[   2% ] [90m[1msavepack[22m | Storing File: res://.godot/exported/133200997/export-9ff0e1e250cb8fd3ee3097246a3882c4-main.scn[39m[0m
[   3% ] [90m[1msavepack[22m | Storing File: res://app/shortcuts.gdc[39m[0m
[   4% ] [90m[1msavepack[22m | Storing File: res://app/ui_scale.gdc[39m[0m
[   5% ] [90m[1msavepack[22m | Storing File: res://core/actor_identity.gdc[39m[0m
[   6% ] [90m[1msavepack[22m | Storing File: res://core/actor_presentation.gdc[39m[0m
[   7% ] [90m[1msavepack[22m | Storing File: res://core/attention_queue.gdc[39m[0m
[   9% ] [90m[1msavepack[22m | Storing File: res://core/model_catalog.gdc[39m[0m
[  10% ] [90m[1msavepack[22m | Storing File: res://core/motion.gdc[39m[0m
[  11% ] [90m[1msavepack[22m | Storing File: res://core/office_store.gdc[39m[0m
[  12% ] [90m[1msavepack[22m | Storing File: res://core/presence.gdc[39m[0m
[  13% ] [90m[1msavepack[22m | Storing File: res://core/wire.gdc[39m[0m
[  14% ] [90m[1msavepack[22m | Storing File: res://core/work_state.gdc[39m[0m
[  16% ] [90m[1msavepack[22m | Storing File: res://integration/demo_transport.gdc[39m[0m
[  17% ] [90m[1msavepack[22m | Storing File: res://integration/fixture_translator.gdc[39m[0m
[  18% ] [90m[1msavepack[22m | Storing File: res://integration/gateway_contract.gdc[39m[0m
[  19% ] [90m[1msavepack[22m | Storing File: res://integration/http_transport.gdc[39m[0m
[  20% ] [90m[1msavepack[22m | Storing File: res://integration/live_transport.gdc[39m[0m
[  21% ] [90m[1msavepack[22m | Storing File: res://integration/model_catalog_api.gdc[39m[0m
[  23% ] [90m[1msavepack[22m | Storing File: res://integration/service_registration.gdc[39m[0m
[  24% ] [90m[1msavepack[22m | Storing File: res://integration/session_api.gdc[39m[0m
[  25% ] [90m[1msavepack[22m | Storing File: res://integration/sse_parser.gdc[39m[0m
[  26% ] [90m[1msavepack[22m | Storing File: res://office/actors/office_actor.gdc[39m[0m
[  27% ] [90m[1msavepack[22m | Storing File: res://.godot/imported/char_backend.png-153beea451b39650c350105ee164f957.ctex[39m[0m
[  27% ] [90m[1msavepack[22m | Storing File: res://office/art/char_backend.png.import[39m[0m
[  28% ] [90m[1msavepack[22m | Storing File: res://.godot/imported/char_frontend.png-bf373be1c6c913c25d6880e8b42c6860.ctex[39m[0m
[  28% ] [90m[1msavepack[22m | Storing File: res://office/art/char_frontend.png.import[39m[0m
[  30% ] [90m[1msavepack[22m | Storing File: res://.godot/imported/char_lead.png-c3a7209a1a9a36b11ff2d4e548a3fa03.ctex[39m[0m
[  30% ] [90m[1msavepack[22m | Storing File: res://office/art/char_lead.png.import[39m[0m
[  31% ] [90m[1msavepack[22m | Storing File: res://.godot/imported/char_qa.png-9624e27ed23208644bc592eec8813a9e.ctex[39m[0m
[  31% ] [90m[1msavepack[22m | Storing File: res://office/art/char_qa.png.import[39m[0m
[  32% ] [90m[1msavepack[22m | Storing File: res://.godot/imported/door_frame.png-a2c7b7788b53f2da2d81aab726465d0e.ctex[39m[0m
[  32% ] [90m[1msavepack[22m | Storing File: res://office/art/door_frame.png.import[39m[0m
[  33% ] [90m[1msavepack[22m | Storing File: res://.godot/imported/icon_512.png-55e72e179d308fd27d3bf37cea6d4895.ctex[39m[0m
[  33% ] [90m[1msavepack[22m | Storing File: res://office/art/icon_512.png.import[39m[0m
[  33% ] [90m[1msavepack[22m | Storing File: res://.godot/imported/prop_aquarium.png-67f57aabbc94a1d1ce8ec748db214ade.ctex[39m[0m
[  33% ] [90m[1msavepack[22m | Storing File: res://office/art/prop_aquarium.png.import[39m[0m
[  34% ] [90m[1msavepack[22m | Storing File: res://.godot/imported/prop_arcade.png-a571ce0e87e19f0cc6dbc51634b00870.ctex[39m[0m
[  34% ] [90m[1msavepack[22m | Storing File: res://office/art/prop_arcade.png.import[39m[0m
[  36% ] [90m[1msavepack[22m | Storing File: res://.godot/imported/prop_armchair.png-cf73398694497379cb42b9a2fb6cdf46.ctex[39m[0m
[  36% ] [90m[1msavepack[22m | Storing File: res://office/art/prop_armchair.png.import[39m[0m
[  37% ] [90m[1msavepack[22m | Storing File: res://.godot/imported/prop_bookshelf.png-f63980320f2a1aadf9e81f207705f629.ctex[39m[0m
[  37% ] [90m[1msavepack[22m | Storing File: res://office/art/prop_bookshelf.png.import[39m[0m
[  38% ] [90m[1msavepack[22m | Storing File: res://.godot/imported/prop_cabinet.png-03b28fb98a87311730b19b00d5788b59.ctex[39m[0m
[  38% ] [90m[1msavepack[22m | Storing File: res://office/art/prop_cabinet.png.import[39m[0m
[  39% ] [90m[1msavepack[22m | Storing File: res://.godot/imported/prop_chair.png-b22e6397d9f2bbf7da8f2f3cb7d2429b.ctex[39m[0m
[  39% ] [90m[1msavepack[22m | Storing File: res://office/art/prop_chair.png.import[39m[0m
[  40% ] [90m[1msavepack[22m | Storing File: res://.godot/imported/prop_coffee.png-c3ca44ff62241e4d115ae4db495f1c30.ctex[39m[0m
[  40% ] [90m[1msavepack[22m | Storing File: res://office/art/prop_coffee.png.import[39m[0m
[  41% ] [90m[1msavepack[22m | Storing File: res://.godot/imported/prop_cooler.png-73de559dc2338d9d6bd54a1f3645fe74.ctex[39m[0m
[  41% ] [90m[1msavepack[22m | Storing File: res://office/art/prop_cooler.png.import[39m[0m
[  43% ] [90m[1msavepack[22m | Storing File: res://.godot/imported/prop_counter.png-3df706bfde14ca688a62f487ce33d666.ctex[39m[0m
[  43% ] [90m[1msavepack[22m | Storing File: res://office/art/prop_counter.png.import[39m[0m
[  44% ] [90m[1msavepack[22m | Storing File: res://.godot/imported/prop_desk.png-33892bd8c0abecd4cc5a2bb28a999745.ctex[39m[0m
[  44% ] [90m[1msavepack[22m | Storing File: res://office/art/prop_desk.png.import[39m[0m
[  45% ] [90m[1msavepack[22m | Storing File: res://.godot/imported/prop_filing_cabinet.png-4854f30d9b917db33488ad0c28879bfe.ctex[39m[0m
[  45% ] [90m[1msavepack[22m | Storing File: res://office/art/prop_filing_cabinet.png.import[39m[0m
[  46% ] [90m[1msavepack[22m | Storing File: res://.godot/imported/prop_fridge.png-c747ba651d18ab542ccf0e9a36aa8d04.ctex[39m[0m
[  46% ] [90m[1msavepack[22m | Storing File: res://office/art/prop_fridge.png.import[39m[0m
[  47% ] [90m[1msavepack[22m | Storing File: res://.godot/imported/prop_lamp.png-793a94e49f2e32533482fa183d6c9ed8.ctex[39m[0m
[  47% ] [90m[1msavepack[22m | Storing File: res://office/art/prop_lamp.png.import[39m[0m
[  48% ] [90m[1msavepack[22m | Storing File: res://.godot/imported/prop_lockers.png-36c8bf14d62736a632796f5a6602d53e.ctex[39m[0m
[  48% ] [90m[1msavepack[22m | Storing File: res://office/art/prop_lockers.png.import[39m[0m
[  50% ] [90m[1msavepack[22m | Storing File: res://.godot/imported/prop_pingpong.png-48e8db0dbca90ce64d3cd40aa0848684.ctex[39m[0m
[  50% ] [90m[1msavepack[22m | Storing File: res://office/art/prop_pingpong.png.import[39m[0m
[  51% ] [90m[1msavepack[22m | Storing File: res://.godot/imported/prop_plant.png-6ba525336a57885aa65cb87cc6bfd9d9.ctex[39m[0m
[  51% ] [90m[1msavepack[22m | Storing File: res://office/art/prop_plant.png.import[39m[0m
[  52% ] [90m[1msavepack[22m | Storing File: res://.godot/imported/prop_pouf.png-6e79e25cb61e38af371b379048e74c5e.ctex[39m[0m
[  52% ] [90m[1msavepack[22m | Storing File: res://office/art/prop_pouf.png.import[39m[0m
[  53% ] [90m[1msavepack[22m | Storing File: res://.godot/imported/prop_rack.png-a4b05d1faf88845c39cb81fef1c1e2f7.ctex[39m[0m
[  53% ] [90m[1msavepack[22m | Storing File: res://office/art/prop_rack.png.import[39m[0m
[  54% ] [90m[1msavepack[22m | Storing File: res://.godot/imported/prop_reading_chair.png-9cc077d0534e66168a03befc1fc13db4.ctex[39m[0m
[  54% ] [90m[1msavepack[22m | Storing File: res://office/art/prop_reading_chair.png.import[39m[0m
[  55% ] [90m[1msavepack[22m | Storing File: res://.godot/imported/prop_round_table.png-7644827485a73e533d9332becfcc28cb.ctex[39m[0m
[  55% ] [90m[1msavepack[22m | Storing File: res://office/art/prop_round_table.png.import[39m[0m
[  56% ] [90m[1msavepack[22m | Storing File: res://.godot/imported/prop_rug_blue.png-58ca9dede644f2e048c03a5c8d0ab458.ctex[39m[0m
[  56% ] [90m[1msavepack[22m | Storing File: res://office/art/prop_rug_blue.png.import[39m[0m
[  58% ] [90m[1msavepack[22m | Storing File: res://.godot/imported/prop_rug_checker.png-7183feb19b658dba028c5352c7819ac0.ctex[39m[0m
[  58% ] [90m[1msavepack[22m | Storing File: res://office/art/prop_rug_checker.png.import[39m[0m
[  59% ] [90m[1msavepack[22m | Storing File: res://.godot/imported/prop_rug_pink.png-41d894c51af570e66aca888b2d87ec73.ctex[39m[0m
[  59% ] [90m[1msavepack[22m | Storing File: res://office/art/prop_rug_pink.png.import[39m[0m
[  60% ] [90m[1msavepack[22m | Storing File: res://.godot/imported/prop_rug_warm.png-b2f99863edb0dd1a330e3f7f27119eec.ctex[39m[0m
[  60% ] [90m[1msavepack[22m | Storing File: res://office/art/prop_rug_warm.png.import[39m[0m
[  61% ] [90m[1msavepack[22m | Storing File: res://.godot/imported/prop_shelf.png-ecc31c7a1f8988d9dd0be9d55d449018.ctex[39m[0m
[  61% ] [90m[1msavepack[22m | Storing File: res://office/art/prop_shelf.png.import[39m[0m
[  62% ] [90m[1msavepack[22m | Storing File: res://.godot/imported/prop_side_table.png-b75274aea6bb368a5d0ecdc2570ba7e5.ctex[39m[0m
[  62% ] [90m[1msavepack[22m | Storing File: res://office/art/prop_side_table.png.import[39m[0m
[  63% ] [90m[1msavepack[22m | Storing File: res://.godot/imported/prop_sofa.png-ac4efeb09800a1e50c0f4b6b7e3b4b54.ctex[39m[0m
[  63% ] [90m[1msavepack[22m | Storing File: res://office/art/prop_sofa.png.import[39m[0m
[  65% ] [90m[1msavepack[22m | Storing File: res://.godot/imported/prop_table.png-634f4426973d3e930d03ed2ea72d5b6c.ctex[39m[0m
[  65% ] [90m[1msavepack[22m | Storing File: res://office/art/prop_table.png.import[39m[0m
[  66% ] [90m[1msavepack[22m | Storing File: res://.godot/imported/prop_tv_stand.png-a1cce6ad33b916d13546426cdf214b78.ctex[39m[0m
[  66% ] [90m[1msavepack[22m | Storing File: res://office/art/prop_tv_stand.png.import[39m[0m
[  66% ] [90m[1msavepack[22m | Storing File: res://.godot/imported/prop_vending.png-0ec08edb4947a85f4cf03c26f6bb431c.ctex[39m[0m
[  66% ] [90m[1msavepack[22m | Storing File: res://office/art/prop_vending.png.import[39m[0m
[  67% ] [90m[1msavepack[22m | Storing File: res://.godot/imported/prop_wall_tv.png-a2618c50d0200fbe8333fb511da9c26a.ctex[39m[0m
[  67% ] [90m[1msavepack[22m | Storing File: res://office/art/prop_wall_tv.png.import[39m[0m
[  68% ] [90m[1msavepack[22m | Storing File: res://.godot/imported/prop_water_cooler.png-140060618f82cead68970d4b377bac77.ctex[39m[0m
[  68% ] [90m[1msavepack[22m | Storing File: res://office/art/prop_water_cooler.png.import[39m[0m
[  69% ] [90m[1msavepack[22m | Storing File: res://.godot/imported/prop_whiteboard.png-7d6e9ff213a79ea708541ff81acdcf9b.ctex[39m[0m
[  69% ] [90m[1msavepack[22m | Storing File: res://office/art/prop_whiteboard.png.import[39m[0m
[  71% ] [90m[1msavepack[22m | Storing File: res://.godot/imported/prop_window.png-b614d73acb6b8eadccc6d340513b5c2f.ctex[39m[0m
[  71% ] [90m[1msavepack[22m | Storing File: res://office/art/prop_window.png.import[39m[0m
[  72% ] [90m[1msavepack[22m | Storing File: res://.godot/imported/tiles_floor.png-929d81e3e09a7b3d603beff9377d3e49.ctex[39m[0m
[  72% ] [90m[1msavepack[22m | Storing File: res://office/art/tiles_floor.png.import[39m[0m
[  73% ] [90m[1msavepack[22m | Storing File: res://.godot/imported/wall_clock.png-2ca61b4d4512b63c96804d5363976545.ctex[39m[0m
[  73% ] [90m[1msavepack[22m | Storing File: res://office/art/wall_clock.png.import[39m[0m
[  74% ] [90m[1msavepack[22m | Storing File: res://.godot/imported/wall_frame_art.png-111aa30d681989e3af58e25e2cfe370f.ctex[39m[0m
[  74% ] [90m[1msavepack[22m | Storing File: res://office/art/wall_frame_art.png.import[39m[0m
[  75% ] [90m[1msavepack[22m | Storing File: res://.godot/imported/wall_pinboard.png-c89d9c86c7fb7326de57dbb6fe7bcb4a.ctex[39m[0m
[  75% ] [90m[1msavepack[22m | Storing File: res://office/art/wall_pinboard.png.import[39m[0m
[  76% ] [90m[1msavepack[22m | Storing File: res://.godot/imported/wall_poster.png-4f042daf6920993c729b731361da1ef7.ctex[39m[0m
[  76% ] [90m[1msavepack[22m | Storing File: res://office/art/wall_poster.png.import[39m[0m
[  78% ] [90m[1msavepack[22m | Storing File: res://.godot/imported/wall_screen.png-dc85ce79c2f78c12bfb55970c8ed3b7a.ctex[39m[0m
[  78% ] [90m[1msavepack[22m | Storing File: res://office/art/wall_screen.png.import[39m[0m
[  79% ] [90m[1msavepack[22m | Storing File: res://.godot/imported/wall_side.png-c128bc79459cc7f65ee4bedc33fd58eb.ctex[39m[0m
[  79% ] [90m[1msavepack[22m | Storing File: res://office/art/wall_side.png.import[39m[0m
[  80% ] [90m[1msavepack[22m | Storing File: res://.godot/imported/wall_sign.png-e53d45dcb105dd3b80085514e9a68b8f.ctex[39m[0m
[  80% ] [90m[1msavepack[22m | Storing File: res://office/art/wall_sign.png.import[39m[0m
[  81% ] [90m[1msavepack[22m | Storing File: res://.godot/imported/wall_top.png-d8c1c3eaec54ecbb79f2fd8ef5feea1e.ctex[39m[0m
[  81% ] [90m[1msavepack[22m | Storing File: res://office/art/wall_top.png.import[39m[0m
[  82% ] [90m[1msavepack[22m | Storing File: res://office/director/office_director.gdc[39m[0m
[  83% ] [90m[1msavepack[22m | Storing File: res://.godot/exported/133200997/export-a51e50cbd6ab75467c897ebc4d6a55d1-hq_tileset.res[39m[0m
[  85% ] [90m[1msavepack[22m | Storing File: res://office/maps/hq/office_overlay.gdc[39m[0m
[  86% ] [90m[1msavepack[22m | Storing File: res://office/maps/hq/office_world.gdc[39m[0m
[  87% ] [90m[1msavepack[22m | Storing File: res://office/navigation/office_navigation.gdc[39m[0m
[  88% ] [90m[1msavepack[22m | Storing File: res://office/viewport/office_viewport.gdc[39m[0m
[  89% ] [90m[1msavepack[22m | Storing File: res://ui/prompt/effort_slider.gdc[39m[0m
[  90% ] [90m[1msavepack[22m | Storing File: res://ui/theme/office_palette.gdc[39m[0m
[  92% ] [90m[1msavepack[22m | Storing File: res://ui/shell/sidebar_panel.gdc[39m[0m
[  93% ] [90m[1msavepack[22m | Storing File: res://ui/prompt/prompt_panel.gdc[39m[0m
[  94% ] [90m[1msavepack[22m | Storing File: res://ui/shell/office_shell_layout.gdc[39m[0m
[  95% ] [90m[1msavepack[22m | Storing File: res://ui/shell/chrome_toggles.gdc[39m[0m
[  96% ] [90m[1msavepack[22m | Storing File: res://ui/shell/office_theme.gdc[39m[0m
[  97% ] [90m[1msavepack[22m | Storing File: res://ui/conversation/conversation_panel.gdc[39m[0m
[  97% ] [90m[1msavepack[22m | Storing File: res://app/main.gd.remap[39m[0m
[  97% ] [90m[1msavepack[22m | Storing File: res://app/main.tscn.remap[39m[0m
[  97% ] [90m[1msavepack[22m | Storing File: res://app/shortcuts.gd.remap[39m[0m
[  97% ] [90m[1msavepack[22m | Storing File: res://app/ui_scale.gd.remap[39m[0m
[  97% ] [90m[1msavepack[22m | Storing File: res://core/actor_identity.gd.remap[39m[0m
[  97% ] [90m[1msavepack[22m | Storing File: res://core/actor_presentation.gd.remap[39m[0m
[  97% ] [90m[1msavepack[22m | Storing File: res://core/attention_queue.gd.remap[39m[0m
[  97% ] [90m[1msavepack[22m | Storing File: res://core/model_catalog.gd.remap[39m[0m
[  97% ] [90m[1msavepack[22m | Storing File: res://core/motion.gd.remap[39m[0m
[  97% ] [90m[1msavepack[22m | Storing File: res://core/office_store.gd.remap[39m[0m
[  97% ] [90m[1msavepack[22m | Storing File: res://core/presence.gd.remap[39m[0m
[  97% ] [90m[1msavepack[22m | Storing File: res://core/wire.gd.remap[39m[0m
[  97% ] [90m[1msavepack[22m | Storing File: res://core/work_state.gd.remap[39m[0m
[  97% ] [90m[1msavepack[22m | Storing File: res://integration/demo_transport.gd.remap[39m[0m
[  97% ] [90m[1msavepack[22m | Storing File: res://integration/fixture_translator.gd.remap[39m[0m
[  97% ] [90m[1msavepack[22m | Storing File: res://integration/gateway_contract.gd.remap[39m[0m
[  97% ] [90m[1msavepack[22m | Storing File: res://integration/http_transport.gd.remap[39m[0m
[  97% ] [90m[1msavepack[22m | Storing File: res://integration/live_transport.gd.remap[39m[0m
[  97% ] [90m[1msavepack[22m | Storing File: res://integration/model_catalog_api.gd.remap[39m[0m
[  97% ] [90m[1msavepack[22m | Storing File: res://integration/service_registration.gd.remap[39m[0m
[  97% ] [90m[1msavepack[22m | Storing File: res://integration/session_api.gd.remap[39m[0m
[  97% ] [90m[1msavepack[22m | Storing File: res://integration/sse_parser.gd.remap[39m[0m
[  97% ] [90m[1msavepack[22m | Storing File: res://office/actors/office_actor.gd.remap[39m[0m
[  97% ] [90m[1msavepack[22m | Storing File: res://office/director/office_director.gd.remap[39m[0m
[  97% ] [90m[1msavepack[22m | Storing File: res://office/maps/hq/hq_tileset.tres.remap[39m[0m
[  97% ] [90m[1msavepack[22m | Storing File: res://office/maps/hq/office_overlay.gd.remap[39m[0m
[  97% ] [90m[1msavepack[22m | Storing File: res://office/maps/hq/office_world.gd.remap[39m[0m
[  97% ] [90m[1msavepack[22m | Storing File: res://office/navigation/office_navigation.gd.remap[39m[0m
[  97% ] [90m[1msavepack[22m | Storing File: res://office/viewport/office_viewport.gd.remap[39m[0m
[  97% ] [90m[1msavepack[22m | Storing File: res://ui/prompt/effort_slider.gd.remap[39m[0m
[  97% ] [90m[1msavepack[22m | Storing File: res://ui/theme/office_palette.gd.remap[39m[0m
[  97% ] [90m[1msavepack[22m | Storing File: res://ui/shell/sidebar_panel.gd.remap[39m[0m
[  97% ] [90m[1msavepack[22m | Storing File: res://ui/prompt/prompt_panel.gd.remap[39m[0m
[  97% ] [90m[1msavepack[22m | Storing File: res://ui/shell/office_shell_layout.gd.remap[39m[0m
[  97% ] [90m[1msavepack[22m | Storing File: res://ui/shell/chrome_toggles.gd.remap[39m[0m
[  97% ] [90m[1msavepack[22m | Storing File: res://ui/shell/office_theme.gd.remap[39m[0m
[  97% ] [90m[1msavepack[22m | Storing File: res://ui/conversation/conversation_panel.gd.remap[39m[0m
[  97% ] [90m[1msavepack[22m | Storing File: res://.godot/global_script_class_cache.cfg[39m[0m
[  97% ] [90m[1msavepack[22m | Storing File: res://office/art/icon_512.png[39m[0m
[  97% ] [90m[1msavepack[22m | Storing File: res://.godot/uid_cache.bin[39m[0m
[  97% ] [90m[1msavepack[22m | Storing File: res://project.binary[39m[0m
[92m[ DONE ][39m [1msavepack[22m
[0m
[92m[ DONE ][39m [1mexport[22m
[0m
EXIT=0
