Godot Engine v4.7.2.stable.official.ed1daf0bf - https://godotengine.org

SMOKE start url=http://127.0.0.1:43094 (credential withheld)
SMOKE event server.connected
SMOKE event server.connected
SMOKE event session.created
SMOKE session created id=ses_f5452c853ffehNjZ1PsihEXcKw
SMOKE submitted prompt to session=ses_f5452c853ffehNjZ1PsihEXcKw
SMOKE event session.input.admitted
SMOKE event session.execution.started
SMOKE event session.instructions.updated
SMOKE event session.input.promoted
SMOKE event session.context.observed
SMOKE event session.input.consumed
SMOKE event session.step.started
SMOKE stream session.text.started
SMOKE stream session.text.delta
SMOKE stream session.text.delta
SMOKE stream session.text.delta
SMOKE stream session.text.delta
SMOKE stream session.text.ended
SMOKE event session.diagnostics.updated
SMOKE event session.step.ended
SMOKE step settled finish=stop
SMOKE result=settled type=session.step.ended finish=stop
SMOKE event session.usage.updated
SMOKE event session.execution.succeeded
SMOKE result=settled type=session.execution.succeeded
EXIT=0
