Godot Engine v4.7.2.stable.official.ed1daf0bf - https://godotengine.org

R507 start; service=http://127.0.0.1:43094
R507 PASS: the repository resolves to a project
R507 PASS: a NESTED folder resolves to a project of its own
R507 PASS: the nested folder keeps its OWN location, distinct from the repository's
R507 PASS: and the kit's monorepo case holds: one backend project, two distinct locations
R507 PASS: a folder reached through a symlink resolves to the SAME location as its real path
R507 PASS: a folder whose name carries a space round-trips exactly (got '/tmp/ycoding-r507-spaced folder')
R507 PASS: a folder whose name carries non-ASCII characters round-trips exactly (got '/tmp/ycoding-r507-ünïcodé—folder')
R507 PASS: a folder whose name contains a PERCENT SIGN round-trips exactly (got '/tmp/ycoding-r507-100%-folder')
R507 locations: repo=3e5803fe818b6335dfb7f71ec17671f3fa4cd538 nested=3e5803fe818b6335dfb7f71ec17671f3fa4cd538 symlink=global
R507 both sessions requested
R507 session created: ses_f503bdbbfffe516TZczbhIexhK
R507 session created: ses_f503bdbbfffdsql7XeW1zNrtJh
R507 job A prompted in 3e5803fe818b6335dfb7f71ec17671f3fa4cd538
R507 job B prompted in 3e5803fe818b6335dfb7f71ec17671f3fa4cd538
R507 TIMEOUT in phase 1
R507 summary: checks=8 failed=0
R507 RESULT: PASSED
EXIT=1
