Godot Engine v4.7.2.stable.official.ed1daf0bf - https://godotengine.org
OpenGL API 4.1 Metal - 90.5 - Compatibility - Using Device: Apple - Apple M5 Pro

R601 start outdir=/Users/viadz/Workspace/Project/ycoding/ycoding-office-repair-kit/evidence/r6-01
R601 seeded two reports and one completion with no report
R601 store rows=3
R601   kind=report source_verified=true sequence=0 text='the first assignment finished and reported this'
R601   kind=report source_verified=false sequence=1 text='Completed; open session for the report'
R601   kind=report source_verified=true sequence=2 text='the third assignment also reported'
R601 drawer text='Report  ·  Lead B the first assignment finished and reported this  | Report  ·  Lead B Completed; open session for the report  | Report  ·  Lead B the third assignment also reported'
R601 store rows=3
R601   kind=report source_verified=true sequence=0 text='the first assignment finished and reported this'
R601   kind=report source_verified=false sequence=1 text='Completed; open session for the report'
R601   kind=report source_verified=true sequence=2 text='the third assignment also reported'
R601 drawer text='Report  ·  Lead B the first assignment finished and reported this  | Report  ·  Lead B Completed; open session for the report  | Report  ·  Lead B the third assignment also reported'
R601 captured /Users/viadz/Workspace/Project/ycoding/ycoding-office-repair-kit/evidence/r6-01/r6-01-session-history.png
R601 done
WARNING: 1 RID of type "CanvasItem" was leaked.
   at: _free_rids (servers/rendering/renderer_canvas_cull.cpp:2733)
WARNING: 2 ObjectDB instances were leaked at exit (run with `--verbose` for details).
   at: cleanup (core/object/object.cpp:2536)
EXIT=0
