Godot Engine v4.7.2.stable.official.ed1daf0bf - https://godotengine.org
OpenGL API 4.1 Metal - 90.5 - Compatibility - Using Device: Apple - Apple M5 Pro

R702 registered=http://127.0.0.1:43094
R702 sessions_known_to_client=0
R702 session_from_service=ses_6d647b68-4d3b-4ef7-8967-4eaf422220f3
R702 session=ses_6d647b68-4d3b-4ef7-8967-4eaf422220f3 reported=true
R702 logical_steps=3842 physical_attempts=3845 helpers=4
R702 cost=$17.90 provenance=estimated priced=4 of 4
R702 tokens input=74007047 output=1379623 cache_read=929659008
R702 last_error=
R702 PASS  the read either reports usage or states why it could not
R702 PASS  attempts are counted apart from steps (3845 >= 3842)
R702 PASS  cost renders as an amount or as unreported, never a bare zero
R702 PASS  a zero amount is only shown when a cost was actually reported
R702 rollup_sessions_with_usage=0
R702 PASS  a day breakdown is declared unavailable rather than invented
R702 day_reason=session usage is cumulative: the service reports one total p
R702 captured /Users/viadz/Workspace/Project/ycoding/ycoding-office-repair-kit/evidence/r7-02/r7-02-usage.png
R702 checks=5 fails=0
R702 done
WARNING: 1 RID of type "CanvasItem" was leaked.
   at: _free_rids (servers/rendering/renderer_canvas_cull.cpp:2733)
WARNING: 2 ObjectDB instances were leaked at exit (run with `--verbose` for details).
   at: cleanup (core/object/object.cpp:2536)
EXIT=0
