Godot Engine v4.7.2.stable.official.ed1daf0bf - https://godotengine.org
OpenGL API 4.1 Metal - 90.5 - Compatibility - Using Device: Apple - Apple M5 Pro

R708 registered=http://127.0.0.1:43094
R708 session=ses_6d647b68-4d3b-4ef7-8967-4eaf422220f3
R708 service logical=4066 physical=4075 helpers=4
R708 client  logical=4066 physical=4075 helpers=4
R708 PASS  the client's step total equals the service's (4066)
R708 PASS  and its attempt total (4075)
R708 PASS  attempts are NOT steps (4075 vs 4066)
R708 groups=4 sum_requests=4066 sum_input=77516580
R708 PASS  the model groups' requests SUM to the session's steps (4066 = 4066)
R708 PASS  and their input tokens SUM to the session's input (77516580 = 77516580)
R708 PASS  and their output tokens SUM to the session's output
R708 PASS  and their reasoning tokens SUM to the session's reasoning
R708 PASS  and their cache-read tokens SUM to the session's cache read
R708 PASS  input excludes cache, so input + cache is the billed prompt volume
R708 cost=$19.17 provenance=estimated priced=4 of 4
R708 PASS  the spend carries its own provenance (estimated)
R708 PASS  the surface shows both figures (4066 and 4075)
R708 captured /Users/viadz/Workspace/Project/ycoding/ycoding-office-repair-kit/evidence/r7-08/r7-08-cross-check.png
R708 checks=11 fails=0
R708 done
WARNING: 1 RID of type "CanvasItem" was leaked.
   at: _free_rids (servers/rendering/renderer_canvas_cull.cpp:2733)
WARNING: 2 ObjectDB instances were leaked at exit (run with `--verbose` for details).
   at: cleanup (core/object/object.cpp:2536)
EXIT=0
