Godot Engine v4.7.2.stable.official.ed1daf0bf - https://godotengine.org

SCRIPT ERROR: Parse Error: Function "_drawer_text()" not found in base self.
          at: GDScript::reload (res://tests/suites/test_drawer.gd:568)
SCRIPT ERROR: Parse Error: Cannot infer the type of "rendered" variable because the value doesn't have a set type.
          at: GDScript::reload (res://tests/suites/test_drawer.gd:568)
SCRIPT ERROR: Parse Error: Function "_drawer_text()" not found in base self.
          at: GDScript::reload (res://tests/suites/test_drawer.gd:639)
SCRIPT ERROR: Parse Error: Cannot infer the type of "rendered" variable because the value doesn't have a set type.
          at: GDScript::reload (res://tests/suites/test_drawer.gd:639)
SCRIPT ERROR: Compile Error: Failed to compile depended scripts.
          at: GDScript::reload (res://tests/run_tests.gd:0)
ERROR: Failed to load script "res://tests/run_tests.gd" with error "Compilation failed".
   at: load (modules/gdscript/gdscript_resource_format.cpp:46)
SCRIPT ERROR: Invalid call. Nonexistent function 'new' in base 'GDScript'.
          at: _init (res://tests/run_tests.gd:75)
          GDScript backtrace (most recent call first):
              [0] _init (res://tests/run_tests.gd:75)
chrome_toggles calib sidebar text=(81.0, 31.0) width=55 over=+26
chrome_toggles calib composer text=(80.0, 31.0) width=54 over=+26
chrome_toggles calib motion text=(78.0, 31.0) width=52 over=+26
chrome_toggles calib theme text=(107.0, 31.0) width=74 over=+33
chrome_toggles calib scale text=(92.0, 31.0) width=63 over=+29
chrome_toggles calib total text=298 engine=454 declared=459 row_over=156
chrome_toggles: declared 459x31 at scale 1.00; shell reserves 76x28
chrome_toggles: declared 533x34 at scale 1.25; shell reserves 76x28
chrome_toggles: declared 608x37 at scale 1.50; shell reserves 76x28
chrome_toggles: declared 680x40 at scale 1.75; shell reserves 76x28
chrome_toggles: declared 756x43 at scale 2.00; shell reserves 76x28

=== office test summary ===
passed: 7481
failed: 0
RESULT: PASSED
WARNING: 68 RIDs of type "CanvasItem" were leaked.
   at: _free_rids (servers/rendering/renderer_canvas_cull.cpp:2735)
WARNING: 139 ObjectDB instances were leaked at exit (run with `--verbose` for details).
   at: cleanup (core/object/object.cpp:2536)
ERROR: 1 resources still in use at exit (run with --verbose for details).
   at: clear (core/io/resource.cpp:822)
EXIT=0
