Godot Engine v4.7.2.stable.official.ed1daf0bf - https://godotengine.org

chrome_toggles calib sidebar text=(81.0, 31.0) width=55 over=+26
chrome_toggles calib composer text=(80.0, 31.0) width=54 over=+26
chrome_toggles calib motion text=(78.0, 31.0) width=52 over=+26
chrome_toggles calib theme text=(107.0, 31.0) width=74 over=+33
chrome_toggles calib scale text=(92.0, 31.0) width=63 over=+29
chrome_toggles calib total text=298 engine=454 declared=459 row_over=156
chrome_toggles: declared 459x31 at scale 1.00; shell reserves 76x28
chrome_toggles: declared 533x34 at scale 1.25; shell reserves 76x28
chrome_toggles: declared 608x37 at scale 1.50; shell reserves 76x28
chrome_toggles: declared 680x40 at scale 1.75; shell reserves 76x28
chrome_toggles: declared 756x43 at scale 2.00; shell reserves 76x28
SCRIPT ERROR: Invalid access to property or key 'display_role' on a base object of type 'RefCounted (ActorPresentation)'.
          at: OfficeMain._session_label (res://app/main.gd:719)
          GDScript backtrace (most recent call first):
              [0] _session_label (res://app/main.gd:719)
              [1] _on_prompt_submitted (res://app/main.gd:657)
              [2] test_a_successful_send_retires_the_id_so_a_resend_is_new (res://tests/suites/test_production_boot.gd:386)
              [3] run (res://tests/suites/test_production_boot.gd:50)
              [4] _init (res://tests/run_tests.gd:50)
SCRIPT ERROR: Invalid access to property or key 'display_role' on a base object of type 'RefCounted (ActorPresentation)'.
          at: OfficeMain._session_label (res://app/main.gd:719)
          GDScript backtrace (most recent call first):
              [0] _session_label (res://app/main.gd:719)
              [1] _on_prompt_submitted (res://app/main.gd:657)
              [2] test_the_send_reports_admission_not_completion (res://tests/suites/test_production_boot.gd:407)
              [3] run (res://tests/suites/test_production_boot.gd:51)
              [4] _init (res://tests/run_tests.gd:50)

=== office test summary ===
passed: 6871
failed: 1
  FAIL: a refused send keeps its id, because the retry must reconcile (expected msg_office_17895946595md1ccd6qk, got msg_office_1789594659kuhmgr38sa)
RESULT: FAILED
WARNING: 33 RIDs of type "CanvasItem" were leaked.
   at: _free_rids (servers/rendering/renderer_canvas_cull.cpp:2735)
WARNING: 69 ObjectDB instances were leaked at exit (run with `--verbose` for details).
   at: cleanup (core/object/object.cpp:2536)
ERROR: 1 resources still in use at exit (run with --verbose for details).
   at: clear (core/io/resource.cpp:822)
EXIT=1
