Godot: 4.7.2.stable.official.ed1daf0bf
import         exit=0 engine_errors=0
tests          exit=1 engine_errors=6
  stage failed; see /var/folders/qc/jlsb8bw944v3tn_1bnd1x9hw0000gn/T//ycoding-office-verify/tests.log
  FAIL: a private trace ships in res://tests/suites/test_export.gd:244
  FAIL: a private trace ships in res://tests/suites/test_export.gd:248
  FAIL: the live transport is running
  FAIL: an unconfirmed attach still offers the retry affordance
  FAIL: the composer says there are none (expected No models, got Default)
  FAIL: and the pill cannot act
  FAIL: the service's real refusal is surfaced
RESULT: FAILED
WARNING: 868 RIDs of type "CanvasItem" were leaked.
   at: _free_rids (servers/rendering/renderer_canvas_cull.cpp:2735)
WARNING: 1068 ObjectDB instances were leaked at exit (run with `--verbose` for details).
   at: cleanup (core/object/object.cpp:2536)
ERROR: 47 resources still in use at exit (run with --verbose for details).
   at: clear (core/io/resource.cpp:822)
ERROR: 41 RID allocations of type 'PN13RendererDummy14TextureStorage12DummyTextureE' were leaked at exit.
  engine reported errors; see /var/folders/qc/jlsb8bw944v3tn_1bnd1x9hw0000gn/T//ycoding-office-verify/tests.log
SCRIPT ERROR: Invalid access to property or key 'export_requested' on a base object of type 'Nil'.
SCRIPT ERROR: Invalid access to property or key 'export_requested' on a base object of type 'Nil'.
SCRIPT ERROR: Invalid access to property or key 'export_requested' on a base object of type 'Nil'.
SCRIPT ERROR: Invalid access to property or key 'export_requested' on a base object of type 'Nil'.
SCRIPT ERROR: Invalid access to property or key 'export_requested' on a base object of type 'Nil'.
SCRIPT ERROR: Invalid access to property or key 'export_requested' on a base object of type 'Nil'.
flow           exit=0 engine_errors=0
  passed: 8851
  RESULT: FAILED
  checks: 34, failures: 0
  FLOW RESULT: PASSED
VERIFY: FAILED
EXIT=1
